main.c:131:5:main	16	static
main.c:193:6:system_init	8	static
main.c:213:6:T_Alarm	24	static
main.c:238:6:T_TempSens	16	static
main.c:276:6:T_Check_TEMP	16	static
main.c:324:6:T_Display	24	static
main.c:403:6:T_UserTerm	16	static
main.c:492:6:SystemClock_Config	88	static
main.c:535:13:MX_ADC1_Init	24	static
main.c:580:13:MX_ADC2_Init	24	static
main.c:619:13:MX_USART1_UART_Init	8	static
main.c:640:13:MX_GPIO_Init	32	static
main.c:693:6:StartDefaultTask	16	static
main.c:712:6:HAL_TIM_PeriodElapsedCallback	16	static
main.c:729:6:Error_Handler	4	static,ignoring_inline_asm
