Archive member included to satisfy reference by file (symbol)

c:/stm32cubeide_1.4.0/stm32cubeide/plugins/com.st.stm32cube.ide.mcu.externaltools.gnu-tools-for-stm32.7-2018-q2-update.win32_1.5.0.202011040924/tools/bin/../lib/gcc/arm-none-eabi/7.3.1/../../../../arm-none-eabi/lib/thumb/v7-m\libc_nano.a(lib_a-errno.o)
                              Core/Src/syscalls.o (__errno)
c:/stm32cubeide_1.4.0/stm32cubeide/plugins/com.st.stm32cube.ide.mcu.externaltools.gnu-tools-for-stm32.7-2018-q2-update.win32_1.5.0.202011040924/tools/bin/../lib/gcc/arm-none-eabi/7.3.1/../../../../arm-none-eabi/lib/thumb/v7-m\libc_nano.a(lib_a-exit.o)
                              c:/stm32cubeide_1.4.0/stm32cubeide/plugins/com.st.stm32cube.ide.mcu.externaltools.gnu-tools-for-stm32.7-2018-q2-update.win32_1.5.0.202011040924/tools/bin/../lib/gcc/arm-none-eabi/7.3.1/../../../../arm-none-eabi/lib/thumb/v7-m/crt0.o (exit)
c:/stm32cubeide_1.4.0/stm32cubeide/plugins/com.st.stm32cube.ide.mcu.externaltools.gnu-tools-for-stm32.7-2018-q2-update.win32_1.5.0.202011040924/tools/bin/../lib/gcc/arm-none-eabi/7.3.1/../../../../arm-none-eabi/lib/thumb/v7-m\libc_nano.a(lib_a-impure.o)
                              c:/stm32cubeide_1.4.0/stm32cubeide/plugins/com.st.stm32cube.ide.mcu.externaltools.gnu-tools-for-stm32.7-2018-q2-update.win32_1.5.0.202011040924/tools/bin/../lib/gcc/arm-none-eabi/7.3.1/../../../../arm-none-eabi/lib/thumb/v7-m\libc_nano.a(lib_a-exit.o) (_global_impure_ptr)
c:/stm32cubeide_1.4.0/stm32cubeide/plugins/com.st.stm32cube.ide.mcu.externaltools.gnu-tools-for-stm32.7-2018-q2-update.win32_1.5.0.202011040924/tools/bin/../lib/gcc/arm-none-eabi/7.3.1/../../../../arm-none-eabi/lib/thumb/v7-m\libc_nano.a(lib_a-init.o)
                              c:/stm32cubeide_1.4.0/stm32cubeide/plugins/com.st.stm32cube.ide.mcu.externaltools.gnu-tools-for-stm32.7-2018-q2-update.win32_1.5.0.202011040924/tools/bin/../lib/gcc/arm-none-eabi/7.3.1/../../../../arm-none-eabi/lib/thumb/v7-m/crt0.o (__libc_init_array)
c:/stm32cubeide_1.4.0/stm32cubeide/plugins/com.st.stm32cube.ide.mcu.externaltools.gnu-tools-for-stm32.7-2018-q2-update.win32_1.5.0.202011040924/tools/bin/../lib/gcc/arm-none-eabi/7.3.1/../../../../arm-none-eabi/lib/thumb/v7-m\libc_nano.a(lib_a-itoa.o)
                              Core/Src/main.o (itoa)
c:/stm32cubeide_1.4.0/stm32cubeide/plugins/com.st.stm32cube.ide.mcu.externaltools.gnu-tools-for-stm32.7-2018-q2-update.win32_1.5.0.202011040924/tools/bin/../lib/gcc/arm-none-eabi/7.3.1/../../../../arm-none-eabi/lib/thumb/v7-m\libc_nano.a(lib_a-memcpy-stub.o)
                              Middlewares/Third_Party/FreeRTOS/Source/CMSIS_RTOS_V2/cmsis_os2.o (memcpy)
c:/stm32cubeide_1.4.0/stm32cubeide/plugins/com.st.stm32cube.ide.mcu.externaltools.gnu-tools-for-stm32.7-2018-q2-update.win32_1.5.0.202011040924/tools/bin/../lib/gcc/arm-none-eabi/7.3.1/../../../../arm-none-eabi/lib/thumb/v7-m\libc_nano.a(lib_a-memset.o)
                              c:/stm32cubeide_1.4.0/stm32cubeide/plugins/com.st.stm32cube.ide.mcu.externaltools.gnu-tools-for-stm32.7-2018-q2-update.win32_1.5.0.202011040924/tools/bin/../lib/gcc/arm-none-eabi/7.3.1/../../../../arm-none-eabi/lib/thumb/v7-m/crt0.o (memset)
c:/stm32cubeide_1.4.0/stm32cubeide/plugins/com.st.stm32cube.ide.mcu.externaltools.gnu-tools-for-stm32.7-2018-q2-update.win32_1.5.0.202011040924/tools/bin/../lib/gcc/arm-none-eabi/7.3.1/../../../../arm-none-eabi/lib/thumb/v7-m\libc_nano.a(lib_a-strcmp.o)
                              Core/Src/main.o (strcmp)
c:/stm32cubeide_1.4.0/stm32cubeide/plugins/com.st.stm32cube.ide.mcu.externaltools.gnu-tools-for-stm32.7-2018-q2-update.win32_1.5.0.202011040924/tools/bin/../lib/gcc/arm-none-eabi/7.3.1/../../../../arm-none-eabi/lib/thumb/v7-m\libc_nano.a(lib_a-utoa.o)
                              c:/stm32cubeide_1.4.0/stm32cubeide/plugins/com.st.stm32cube.ide.mcu.externaltools.gnu-tools-for-stm32.7-2018-q2-update.win32_1.5.0.202011040924/tools/bin/../lib/gcc/arm-none-eabi/7.3.1/../../../../arm-none-eabi/lib/thumb/v7-m\libc_nano.a(lib_a-itoa.o) (__utoa)

Allocating common symbols
Common symbol       size              file

AD_RES              0x4               Core/Src/main.o
hadc2               0x30              Core/Src/main.o
egSym               0x4               Core/Src/main.o
SHOWPOT             0x4               Core/Src/main.o
uwTick              0x4               Drivers/STM32F1xx_HAL_Driver/Src/stm32f1xx_hal.o
xQueueRegistry      0x40              Middlewares/Third_Party/FreeRTOS/Source/queue.o
pFlash              0x20              Drivers/STM32F1xx_HAL_Driver/Src/stm32f1xx_hal_flash.o
hadc1               0x30              Core/Src/main.o
SHOWLDR             0x4               Core/Src/main.o
huart1              0x40              Core/Src/main.o
AD_RES_ldr          0x4               Core/Src/main.o
SHOWTRSH            0x4               Core/Src/main.o
TAS                 0x6               Core/Src/main.o
htim1               0x48              Core/Src/stm32f1xx_hal_timebase_tim.o
[...]
Memory Configuration

Name             Origin             Length             Attributes
RAM              0x0000000020000000 0x0000000000005000 xrw
FLASH            0x0000000008000000 0x0000000000010000 xr
*default*        0x0000000000000000 0xffffffffffffffff

Linker script and memory map

LOAD c:/stm32cubeide_1.4.0/stm32cubeide/plugins/com.st.stm32cube.ide.mcu.externaltools.gnu-tools-for-stm32.7-2018-q2-update.win32_1.5.0.202011040924/tools/bin/../lib/gcc/arm-none-eabi/7.3.1/thumb/v7-m/crti.o
LOAD c:/stm32cubeide_1.4.0/stm32cubeide/plugins/com.st.stm32cube.ide.mcu.externaltools.gnu-tools-for-stm32.7-2018-q2-update.win32_1.5.0.202011040924/tools/bin/../lib/gcc/arm-none-eabi/7.3.1/thumb/v7-m/crtbegin.o
LOAD c:/stm32cubeide_1.4.0/stm32cubeide/plugins/com.st.stm32cube.ide.mcu.externaltools.gnu-tools-for-stm32.7-2018-q2-update.win32_1.5.0.202011040924/tools/bin/../lib/gcc/arm-none-eabi/7.3.1/../../../../arm-none-eabi/lib/thumb/v7-m/crt0.o
LOAD Core/Src/freertos.o
LOAD Core/Src/main.o
LOAD Core/Src/stm32f1xx_hal_msp.o
LOAD Core/Src/stm32f1xx_hal_timebase_tim.o
LOAD Core/Src/stm32f1xx_it.o
LOAD Core/Src/syscalls.o
LOAD Core/Src/sysmem.o
LOAD Core/Src/system_stm32f1xx.o
LOAD Core/Startup/startup_stm32f103c8tx.o
LOAD Drivers/STM32F1xx_HAL_Driver/Src/LCD_prog.o
LOAD Drivers/STM32F1xx_HAL_Driver/Src/stm32f1xx_hal.o
LOAD Drivers/STM32F1xx_HAL_Driver/Src/stm32f1xx_hal_adc.o
LOAD Drivers/STM32F1xx_HAL_Driver/Src/stm32f1xx_hal_adc_ex.o
LOAD Drivers/STM32F1xx_HAL_Driver/Src/stm32f1xx_hal_cortex.o
LOAD Drivers/STM32F1xx_HAL_Driver/Src/stm32f1xx_hal_dma.o
LOAD Drivers/STM32F1xx_HAL_Driver/Src/stm32f1xx_hal_exti.o
LOAD Drivers/STM32F1xx_HAL_Driver/Src/stm32f1xx_hal_flash.o
LOAD Drivers/STM32F1xx_HAL_Driver/Src/stm32f1xx_hal_flash_ex.o
LOAD Drivers/STM32F1xx_HAL_Driver/Src/stm32f1xx_hal_gpio.o
LOAD Drivers/STM32F1xx_HAL_Driver/Src/stm32f1xx_hal_gpio_ex.o
LOAD Drivers/STM32F1xx_HAL_Driver/Src/stm32f1xx_hal_pwr.o
LOAD Drivers/STM32F1xx_HAL_Driver/Src/stm32f1xx_hal_rcc.o
LOAD Drivers/STM32F1xx_HAL_Driver/Src/stm32f1xx_hal_rcc_ex.o
LOAD Drivers/STM32F1xx_HAL_Driver/Src/stm32f1xx_hal_tim.o
LOAD Drivers/STM32F1xx_HAL_Driver/Src/stm32f1xx_hal_tim_ex.o
LOAD Drivers/STM32F1xx_HAL_Driver/Src/stm32f1xx_hal_uart.o
LOAD Middlewares/Third_Party/FreeRTOS/Source/CMSIS_RTOS_V2/cmsis_os2.o
LOAD Middlewares/Third_Party/FreeRTOS/Source/croutine.o
LOAD Middlewares/Third_Party/FreeRTOS/Source/event_groups.o
LOAD Middlewares/Third_Party/FreeRTOS/Source/list.o
LOAD Middlewares/Third_Party/FreeRTOS/Source/queue.o
LOAD Middlewares/Third_Party/FreeRTOS/Source/stream_buffer.o
LOAD Middlewares/Third_Party/FreeRTOS/Source/tasks.o
LOAD Middlewares/Third_Party/FreeRTOS/Source/timers.o
LOAD Middlewares/Third_Party/FreeRTOS/Source/portable/GCC/ARM_CM3/port.o
LOAD Middlewares/Third_Party/FreeRTOS/Source/portable/MemMang/heap_4.o
START GROUP
LOAD c:/stm32cubeide_1.4.0/stm32cubeide/plugins/com.st.stm32cube.ide.mcu.externaltools.gnu-tools-for-stm32.7-2018-q2-update.win32_1.5.0.202011040924/tools/bin/../lib/gcc/arm-none-eabi/7.3.1/../../../../arm-none-eabi/lib/thumb/v7-m\libc_nano.a
LOAD c:/stm32cubeide_1.4.0/stm32cubeide/plugins/com.st.stm32cube.ide.mcu.externaltools.gnu-tools-for-stm32.7-2018-q2-update.win32_1.5.0.202011040924/tools/bin/../lib/gcc/arm-none-eabi/7.3.1/../../../../arm-none-eabi/lib/thumb/v7-m\libm.a
END GROUP
START GROUP
LOAD c:/stm32cubeide_1.4.0/stm32cubeide/plugins/com.st.stm32cube.ide.mcu.externaltools.gnu-tools-for-stm32.7-2018-q2-update.win32_1.5.0.202011040924/tools/bin/../lib/gcc/arm-none-eabi/7.3.1/thumb/v7-m\libgcc.a
LOAD c:/stm32cubeide_1.4.0/stm32cubeide/plugins/com.st.stm32cube.ide.mcu.externaltools.gnu-tools-for-stm32.7-2018-q2-update.win32_1.5.0.202011040924/tools/bin/../lib/gcc/arm-none-eabi/7.3.1/../../../../arm-none-eabi/lib/thumb/v7-m\libc_nano.a
END GROUP
START GROUP
LOAD c:/stm32cubeide_1.4.0/stm32cubeide/plugins/com.st.stm32cube.ide.mcu.externaltools.gnu-tools-for-stm32.7-2018-q2-update.win32_1.5.0.202011040924/tools/bin/../lib/gcc/arm-none-eabi/7.3.1/thumb/v7-m\libgcc.a
LOAD c:/stm32cubeide_1.4.0/stm32cubeide/plugins/com.st.stm32cube.ide.mcu.externaltools.gnu-tools-for-stm32.7-2018-q2-update.win32_1.5.0.202011040924/tools/bin/../lib/gcc/arm-none-eabi/7.3.1/../../../../arm-none-eabi/lib/thumb/v7-m\libc_nano.a
LOAD c:/stm32cubeide_1.4.0/stm32cubeide/plugins/com.st.stm32cube.ide.mcu.externaltools.gnu-tools-for-stm32.7-2018-q2-update.win32_1.5.0.202011040924/tools/bin/../lib/gcc/arm-none-eabi/7.3.1/../../../../arm-none-eabi/lib/thumb/v7-m\libnosys.a
END GROUP
START GROUP
LOAD c:/stm32cubeide_1.4.0/stm32cubeide/plugins/com.st.stm32cube.ide.mcu.externaltools.gnu-tools-for-stm32.7-2018-q2-update.win32_1.5.0.202011040924/tools/bin/../lib/gcc/arm-none-eabi/7.3.1/thumb/v7-m\libgcc.a
LOAD c:/stm32cubeide_1.4.0/stm32cubeide/plugins/com.st.stm32cube.ide.mcu.externaltools.gnu-tools-for-stm32.7-2018-q2-update.win32_1.5.0.202011040924/tools/bin/../lib/gcc/arm-none-eabi/7.3.1/../../../../arm-none-eabi/lib/thumb/v7-m\libc_nano.a
LOAD c:/stm32cubeide_1.4.0/stm32cubeide/plugins/com.st.stm32cube.ide.mcu.externaltools.gnu-tools-for-stm32.7-2018-q2-update.win32_1.5.0.202011040924/tools/bin/../lib/gcc/arm-none-eabi/7.3.1/../../../../arm-none-eabi/lib/thumb/v7-m\libnosys.a
END GROUP
LOAD c:/stm32cubeide_1.4.0/stm32cubeide/plugins/com.st.stm32cube.ide.mcu.externaltools.gnu-tools-for-stm32.7-2018-q2-update.win32_1.5.0.202011040924/tools/bin/../lib/gcc/arm-none-eabi/7.3.1/thumb/v7-m/crtend.o
LOAD c:/stm32cubeide_1.4.0/stm32cubeide/plugins/com.st.stm32cube.ide.mcu.externaltools.gnu-tools-for-stm32.7-2018-q2-update.win32_1.5.0.202011040924/tools/bin/../lib/gcc/arm-none-eabi/7.3.1/thumb/v7-m/crtn.o
                0x0000000020005000                _estack = (ORIGIN (RAM) + LENGTH (RAM))
                0x0000000000000200                _Min_Heap_Size = 0x200
                0x0000000000000400                _Min_Stack_Size = 0x400

.isr_vector     0x0000000008000000      0x10c
                0x0000000008000000                . = ALIGN (0x4)
 *(.isr_vector)
 .isr_vector    0x0000000008000000      0x10c Core/Startup/startup_stm32f103c8tx.o
                0x0000000008000000                g_pfnVectors
                0x000000000800010c                . = ALIGN (0x4)

.text           0x0000000008000110     0x66d4
                0x0000000008000110                . = ALIGN (0x4)
 *(.text)
 .text          0x0000000008000110       0x40 c:/stm32cubeide_1.4.0/stm32cubeide/plugins/com.st.stm32cube.ide.mcu.externaltools.gnu-tools-for-stm32.7-2018-q2-update.win32_1.5.0.202011040924/tools/bin/../lib/gcc/arm-none-eabi/7.3.1/thumb/v7-m/crtbegin.o
 .text          0x0000000008000150       0x14 c:/stm32cubeide_1.4.0/stm32cubeide/plugins/com.st.stm32cube.ide.mcu.externaltools.gnu-tools-for-stm32.7-2018-q2-update.win32_1.5.0.202011040924/tools/bin/../lib/gcc/arm-none-eabi/7.3.1/../../../../arm-none-eabi/lib/thumb/v7-m\libc_nano.a(lib_a-strcmp.o)
                0x0000000008000150                strcmp
 *(.text*)
 .text.main     0x0000000008000164      0x190 Core/Src/main.o
                0x0000000008000164                main
 .text.system_init
                0x00000000080002f4       0x3c Core/Src/main.o
                0x00000000080002f4                system_init
 .text.T_Alarm  0x0000000008000330       0x7c Core/Src/main.o
                0x0000000008000330                T_Alarm
 .text.T_TempSens
                0x00000000080003ac       0xd8 Core/Src/main.o
                0x00000000080003ac                T_TempSens
 .text.T_Check_TEMP
                0x0000000008000484      0x1b4 Core/Src/main.o
                0x0000000008000484                T_Check_TEMP
 .text.T_Display
                0x0000000008000638      0x25c Core/Src/main.o
                0x0000000008000638                T_Display
 .text.T_UserTerm
                0x0000000008000894      0x1f8 Core/Src/main.o
                0x0000000008000894                T_UserTerm
 .text.SystemClock_Config
                0x0000000008000a8c       0xa0 Core/Src/main.o
                0x0000000008000a8c                SystemClock_Config
 .text.MX_ADC1_Init
                0x0000000008000b2c       0x7c Core/Src/main.o
 .text.MX_ADC2_Init
                0x0000000008000ba8       0x7c Core/Src/main.o
 .text.MX_USART1_UART_Init
                0x0000000008000c24       0x54 Core/Src/main.o
 .text.MX_GPIO_Init
                0x0000000008000c78       0xc8 Core/Src/main.o
 .text.HAL_TIM_PeriodElapsedCallback
                0x0000000008000d40       0x24 Core/Src/main.o
                0x0000000008000d40                HAL_TIM_PeriodElapsedCallback
 .text.Error_Handler
                0x0000000008000d64        0x8 Core/Src/main.o
                0x0000000008000d64                Error_Handler
 .text.HAL_MspInit
                0x0000000008000d6c       0x70 Core/Src/stm32f1xx_hal_msp.o
                0x0000000008000d6c                HAL_MspInit
 .text.HAL_ADC_MspInit
                0x0000000008000ddc       0xd0 Core/Src/stm32f1xx_hal_msp.o
                0x0000000008000ddc                HAL_ADC_MspInit
 .text.HAL_UART_MspInit
                0x0000000008000eac       0x98 Core/Src/stm32f1xx_hal_msp.o
                0x0000000008000eac                HAL_UART_MspInit
 .text.HAL_InitTick
                0x0000000008000f44       0xac Core/Src/stm32f1xx_hal_timebase_tim.o
                0x0000000008000f44                HAL_InitTick
 .text.NMI_Handler
                0x0000000008000ff0        0x6 Core/Src/stm32f1xx_it.o
                0x0000000008000ff0                NMI_Handler
 .text.HardFault_Handler
                0x0000000008000ff6        0x6 Core/Src/stm32f1xx_it.o
                0x0000000008000ff6                HardFault_Handler
 .text.MemManage_Handler
                0x0000000008000ffc        0x6 Core/Src/stm32f1xx_it.o
                0x0000000008000ffc                MemManage_Handler
 .text.BusFault_Handler
                0x0000000008001002        0x6 Core/Src/stm32f1xx_it.o
                0x0000000008001002                BusFault_Handler
 .text.UsageFault_Handler
                0x0000000008001008        0x6 Core/Src/stm32f1xx_it.o
                0x0000000008001008                UsageFault_Handler
 .text.DebugMon_Handler
                0x000000000800100e        0xc Core/Src/stm32f1xx_it.o
                0x000000000800100e                DebugMon_Handler
 *fill*         0x000000000800101a        0x2 
 .text.TIM1_UP_IRQHandler
                0x000000000800101c       0x14 Core/Src/stm32f1xx_it.o
                0x000000000800101c                TIM1_UP_IRQHandler
 .text.SystemInit
                0x0000000008001030        0xc Core/Src/system_stm32f1xx.o
                0x0000000008001030                SystemInit
 .text.Reset_Handler
                0x000000000800103c       0x48 Core/Startup/startup_stm32f103c8tx.o
                0x000000000800103c                Reset_Handler
 .text.Default_Handler
                0x0000000008001084        0x2 Core/Startup/startup_stm32f103c8tx.o
                0x0000000008001084                RTC_Alarm_IRQHandler
                0x0000000008001084                EXTI2_IRQHandler
                0x0000000008001084                TIM1_CC_IRQHandler
                0x0000000008001084                PVD_IRQHandler
                0x0000000008001084                EXTI3_IRQHandler
                0x0000000008001084                EXTI0_IRQHandler
                0x0000000008001084                I2C2_EV_IRQHandler
                0x0000000008001084                ADC1_2_IRQHandler
                0x0000000008001084                SPI1_IRQHandler
                0x0000000008001084                TAMPER_IRQHandler
                0x0000000008001084                DMA1_Channel4_IRQHandler
                0x0000000008001084                USART3_IRQHandler
                0x0000000008001084                RTC_IRQHandler
                0x0000000008001084                DMA1_Channel7_IRQHandler
                0x0000000008001084                CAN1_RX1_IRQHandler
                0x0000000008001084                TIM4_IRQHandler
                0x0000000008001084                I2C1_EV_IRQHandler
                0x0000000008001084                DMA1_Channel6_IRQHandler
                0x0000000008001084                TIM3_IRQHandler
                0x0000000008001084                RCC_IRQHandler
                0x0000000008001084                TIM1_TRG_COM_IRQHandler
                0x0000000008001084                DMA1_Channel1_IRQHandler
                0x0000000008001084                Default_Handler
                0x0000000008001084                EXTI15_10_IRQHandler
                0x0000000008001084                EXTI9_5_IRQHandler
                0x0000000008001084                SPI2_IRQHandler
                0x0000000008001084                DMA1_Channel5_IRQHandler
                0x0000000008001084                EXTI4_IRQHandler
                0x0000000008001084                USB_LP_CAN1_RX0_IRQHandler
                0x0000000008001084                USB_HP_CAN1_TX_IRQHandler
                0x0000000008001084                DMA1_Channel3_IRQHandler
                0x0000000008001084                WWDG_IRQHandler
                0x0000000008001084                TIM2_IRQHandler
                0x0000000008001084                TIM1_BRK_IRQHandler
                0x0000000008001084                EXTI1_IRQHandler
                0x0000000008001084                USART2_IRQHandler
                0x0000000008001084                I2C2_ER_IRQHandler
                0x0000000008001084                DMA1_Channel2_IRQHandler
                0x0000000008001084                CAN1_SCE_IRQHandler
                0x0000000008001084                FLASH_IRQHandler
                0x0000000008001084                USART1_IRQHandler
                0x0000000008001084                I2C1_ER_IRQHandler
                0x0000000008001084                USBWakeUp_IRQHandler
 *fill*         0x0000000008001086        0x2 
 .text.LCD_vidInit
                0x0000000008001088       0x44 Drivers/STM32F1xx_HAL_Driver/Src/LCD_prog.o
                0x0000000008001088                LCD_vidInit
 .text.LCD_vidSendCmd
                0x00000000080010cc       0x34 Drivers/STM32F1xx_HAL_Driver/Src/LCD_prog.o
                0x00000000080010cc                LCD_vidSendCmd
 .text.LCD_vidWriteChar
                0x0000000008001100       0x34 Drivers/STM32F1xx_HAL_Driver/Src/LCD_prog.o
                0x0000000008001100                LCD_vidWriteChar
 .text.vidPutOnBus
                0x0000000008001134      0x134 Drivers/STM32F1xx_HAL_Driver/Src/LCD_prog.o
 .text.LCD_vidClear
                0x0000000008001268       0x14 Drivers/STM32F1xx_HAL_Driver/Src/LCD_prog.o
                0x0000000008001268                LCD_vidClear
 .text.LCD_vidGotoXY
                0x000000000800127c       0x3e Drivers/STM32F1xx_HAL_Driver/Src/LCD_prog.o
                0x000000000800127c                LCD_vidGotoXY
 .text.LCD_vidWriteString
                0x00000000080012ba       0x36 Drivers/STM32F1xx_HAL_Driver/Src/LCD_prog.o
                0x00000000080012ba                LCD_vidWriteString
 .text.HAL_Init
                0x00000000080012f0       0x2c Drivers/STM32F1xx_HAL_Driver/Src/stm32f1xx_hal.o
                0x00000000080012f0                HAL_Init
 .text.HAL_IncTick
                0x000000000800131c       0x24 Drivers/STM32F1xx_HAL_Driver/Src/stm32f1xx_hal.o
                0x000000000800131c                HAL_IncTick
 .text.HAL_GetTick
                0x0000000008001340       0x14 Drivers/STM32F1xx_HAL_Driver/Src/stm32f1xx_hal.o
                0x0000000008001340                HAL_GetTick
 .text.HAL_Delay
                0x0000000008001354       0x44 Drivers/STM32F1xx_HAL_Driver/Src/stm32f1xx_hal.o
                0x0000000008001354                HAL_Delay
 .text.HAL_ADC_Init
                0x0000000008001398      0x1b0 Drivers/STM32F1xx_HAL_Driver/Src/stm32f1xx_hal_adc.o
                0x0000000008001398                HAL_ADC_Init
 .text.HAL_ADC_Start
                0x0000000008001548      0x15c Drivers/STM32F1xx_HAL_Driver/Src/stm32f1xx_hal_adc.o
                0x0000000008001548                HAL_ADC_Start
 .text.HAL_ADC_PollForConversion
                0x00000000080016a4      0x1f4 Drivers/STM32F1xx_HAL_Driver/Src/stm32f1xx_hal_adc.o
                0x00000000080016a4                HAL_ADC_PollForConversion
 .text.HAL_ADC_GetValue
                0x0000000008001898       0x18 Drivers/STM32F1xx_HAL_Driver/Src/stm32f1xx_hal_adc.o
                0x0000000008001898                HAL_ADC_GetValue
 .text.HAL_ADC_ConfigChannel
                0x00000000080018b0      0x1f0 Drivers/STM32F1xx_HAL_Driver/Src/stm32f1xx_hal_adc.o
                0x00000000080018b0                HAL_ADC_ConfigChannel
 .text.ADC_Enable
                0x0000000008001aa0       0xa4 Drivers/STM32F1xx_HAL_Driver/Src/stm32f1xx_hal_adc.o
                0x0000000008001aa0                ADC_Enable
 .text.ADC_ConversionStop_Disable
                0x0000000008001b44       0x74 Drivers/STM32F1xx_HAL_Driver/Src/stm32f1xx_hal_adc.o
                0x0000000008001b44                ADC_ConversionStop_Disable
 .text.HAL_ADCEx_Calibration_Start
                0x0000000008001bb8      0x138 Drivers/STM32F1xx_HAL_Driver/Src/stm32f1xx_hal_adc_ex.o
                0x0000000008001bb8                HAL_ADCEx_Calibration_Start
 .text.__NVIC_SetPriorityGrouping
                0x0000000008001cf0       0x48 Drivers/STM32F1xx_HAL_Driver/Src/stm32f1xx_hal_cortex.o
 .text.__NVIC_GetPriorityGrouping
                0x0000000008001d38       0x1c Drivers/STM32F1xx_HAL_Driver/Src/stm32f1xx_hal_cortex.o
 .text.__NVIC_EnableIRQ
                0x0000000008001d54       0x38 Drivers/STM32F1xx_HAL_Driver/Src/stm32f1xx_hal_cortex.o
 .text.__NVIC_SetPriority
                0x0000000008001d8c       0x54 Drivers/STM32F1xx_HAL_Driver/Src/stm32f1xx_hal_cortex.o
 .text.NVIC_EncodePriority
                0x0000000008001de0       0x64 Drivers/STM32F1xx_HAL_Driver/Src/stm32f1xx_hal_cortex.o
 .text.HAL_NVIC_SetPriorityGrouping
                0x0000000008001e44       0x16 Drivers/STM32F1xx_HAL_Driver/Src/stm32f1xx_hal_cortex.o
                0x0000000008001e44                HAL_NVIC_SetPriorityGrouping
 .text.HAL_NVIC_SetPriority
                0x0000000008001e5a       0x38 Drivers/STM32F1xx_HAL_Driver/Src/stm32f1xx_hal_cortex.o
                0x0000000008001e5a                HAL_NVIC_SetPriority
 .text.HAL_NVIC_EnableIRQ
                0x0000000008001e92       0x1c Drivers/STM32F1xx_HAL_Driver/Src/stm32f1xx_hal_cortex.o
                0x0000000008001e92                HAL_NVIC_EnableIRQ
 *fill*         0x0000000008001eae        0x2 
 .text.HAL_GPIO_Init
                0x0000000008001eb0      0x2b4 Drivers/STM32F1xx_HAL_Driver/Src/stm32f1xx_hal_gpio.o
                0x0000000008001eb0                HAL_GPIO_Init
 .text.HAL_GPIO_WritePin
                0x0000000008002164       0x30 Drivers/STM32F1xx_HAL_Driver/Src/stm32f1xx_hal_gpio.o
                0x0000000008002164                HAL_GPIO_WritePin
 .text.HAL_RCC_OscConfig
                0x0000000008002194      0x500 Drivers/STM32F1xx_HAL_Driver/Src/stm32f1xx_hal_rcc.o
                0x0000000008002194                HAL_RCC_OscConfig
 .text.HAL_RCC_ClockConfig
                0x0000000008002694      0x1d4 Drivers/STM32F1xx_HAL_Driver/Src/stm32f1xx_hal_rcc.o
                0x0000000008002694                HAL_RCC_ClockConfig
 .text.HAL_RCC_GetSysClockFreq
                0x0000000008002868       0xc4 Drivers/STM32F1xx_HAL_Driver/Src/stm32f1xx_hal_rcc.o
                0x0000000008002868                HAL_RCC_GetSysClockFreq
 .text.HAL_RCC_GetHCLKFreq
                0x000000000800292c       0x14 Drivers/STM32F1xx_HAL_Driver/Src/stm32f1xx_hal_rcc.o
                0x000000000800292c                HAL_RCC_GetHCLKFreq
 .text.HAL_RCC_GetPCLK1Freq
                0x0000000008002940       0x28 Drivers/STM32F1xx_HAL_Driver/Src/stm32f1xx_hal_rcc.o
                0x0000000008002940                HAL_RCC_GetPCLK1Freq
 .text.HAL_RCC_GetPCLK2Freq
                0x0000000008002968       0x28 Drivers/STM32F1xx_HAL_Driver/Src/stm32f1xx_hal_rcc.o
                0x0000000008002968                HAL_RCC_GetPCLK2Freq
 .text.HAL_RCC_GetClockConfig
                0x0000000008002990       0x60 Drivers/STM32F1xx_HAL_Driver/Src/stm32f1xx_hal_rcc.o
                0x0000000008002990                HAL_RCC_GetClockConfig
 .text.RCC_Delay
                0x00000000080029f0       0x3c Drivers/STM32F1xx_HAL_Driver/Src/stm32f1xx_hal_rcc.o
 .text.HAL_RCCEx_PeriphCLKConfig
                0x0000000008002a2c      0x16c Drivers/STM32F1xx_HAL_Driver/Src/stm32f1xx_hal_rcc_ex.o
                0x0000000008002a2c                HAL_RCCEx_PeriphCLKConfig
 .text.HAL_RCCEx_GetPeriphCLKFreq
                0x0000000008002b98      0x178 Drivers/STM32F1xx_HAL_Driver/Src/stm32f1xx_hal_rcc_ex.o
                0x0000000008002b98                HAL_RCCEx_GetPeriphCLKFreq
 .text.HAL_TIM_Base_Init
                0x0000000008002d10       0x9e Drivers/STM32F1xx_HAL_Driver/Src/stm32f1xx_hal_tim.o
                0x0000000008002d10                HAL_TIM_Base_Init
 .text.HAL_TIM_Base_MspInit
                0x0000000008002dae       0x12 Drivers/STM32F1xx_HAL_Driver/Src/stm32f1xx_hal_tim.o
                0x0000000008002dae                HAL_TIM_Base_MspInit
 .text.HAL_TIM_Base_Start_IT
                0x0000000008002dc0       0xa4 Drivers/STM32F1xx_HAL_Driver/Src/stm32f1xx_hal_tim.o
                0x0000000008002dc0                HAL_TIM_Base_Start_IT
 .text.HAL_TIM_IRQHandler
                0x0000000008002e64      0x210 Drivers/STM32F1xx_HAL_Driver/Src/stm32f1xx_hal_tim.o
                0x0000000008002e64                HAL_TIM_IRQHandler
 .text.HAL_TIM_OC_DelayElapsedCallback
                0x0000000008003074       0x12 Drivers/STM32F1xx_HAL_Driver/Src/stm32f1xx_hal_tim.o
                0x0000000008003074                HAL_TIM_OC_DelayElapsedCallback
 .text.HAL_TIM_IC_CaptureCallback
                0x0000000008003086       0x12 Drivers/STM32F1xx_HAL_Driver/Src/stm32f1xx_hal_tim.o
                0x0000000008003086                HAL_TIM_IC_CaptureCallback
 .text.HAL_TIM_PWM_PulseFinishedCallback
                0x0000000008003098       0x12 Drivers/STM32F1xx_HAL_Driver/Src/stm32f1xx_hal_tim.o
                0x0000000008003098                HAL_TIM_PWM_PulseFinishedCallback
 .text.HAL_TIM_TriggerCallback
                0x00000000080030aa       0x12 Drivers/STM32F1xx_HAL_Driver/Src/stm32f1xx_hal_tim.o
                0x00000000080030aa                HAL_TIM_TriggerCallback
 .text.TIM_Base_SetConfig
                0x00000000080030bc       0xc4 Drivers/STM32F1xx_HAL_Driver/Src/stm32f1xx_hal_tim.o
                0x00000000080030bc                TIM_Base_SetConfig
 .text.HAL_TIMEx_CommutCallback
                0x0000000008003180       0x12 Drivers/STM32F1xx_HAL_Driver/Src/stm32f1xx_hal_tim_ex.o
                0x0000000008003180                HAL_TIMEx_CommutCallback
 .text.HAL_TIMEx_BreakCallback
                0x0000000008003192       0x12 Drivers/STM32F1xx_HAL_Driver/Src/stm32f1xx_hal_tim_ex.o
                0x0000000008003192                HAL_TIMEx_BreakCallback
 .text.HAL_UART_Init
                0x00000000080031a4       0x9a Drivers/STM32F1xx_HAL_Driver/Src/stm32f1xx_hal_uart.o
                0x00000000080031a4                HAL_UART_Init
 .text.HAL_UART_Transmit
                0x000000000800323e      0x124 Drivers/STM32F1xx_HAL_Driver/Src/stm32f1xx_hal_uart.o
                0x000000000800323e                HAL_UART_Transmit
 .text.HAL_UART_Receive
                0x0000000008003362      0x13e Drivers/STM32F1xx_HAL_Driver/Src/stm32f1xx_hal_uart.o
                0x0000000008003362                HAL_UART_Receive
 .text.UART_WaitOnFlagUntilTimeout
                0x00000000080034a0       0x94 Drivers/STM32F1xx_HAL_Driver/Src/stm32f1xx_hal_uart.o
 .text.UART_SetConfig
                0x0000000008003534      0x11c Drivers/STM32F1xx_HAL_Driver/Src/stm32f1xx_hal_uart.o
 .text.vApplicationGetIdleTaskMemory
                0x0000000008003650       0x30 Middlewares/Third_Party/FreeRTOS/Source/CMSIS_RTOS_V2/cmsis_os2.o
                0x0000000008003650                vApplicationGetIdleTaskMemory
 .text.vApplicationGetTimerTaskMemory
                0x0000000008003680       0x34 Middlewares/Third_Party/FreeRTOS/Source/CMSIS_RTOS_V2/cmsis_os2.o
                0x0000000008003680                vApplicationGetTimerTaskMemory
 .text.xEventGroupCreate
                0x00000000080036b4       0x34 Middlewares/Third_Party/FreeRTOS/Source/event_groups.o
                0x00000000080036b4                xEventGroupCreate
 .text.xEventGroupWaitBits
                0x00000000080036e8      0x194 Middlewares/Third_Party/FreeRTOS/Source/event_groups.o
                0x00000000080036e8                xEventGroupWaitBits
 .text.xEventGroupClearBits
                0x000000000800387c       0x6c Middlewares/Third_Party/FreeRTOS/Source/event_groups.o
                0x000000000800387c                xEventGroupClearBits
 .text.xEventGroupSetBits
                0x00000000080038e8      0x112 Middlewares/Third_Party/FreeRTOS/Source/event_groups.o
                0x00000000080038e8                xEventGroupSetBits
 .text.prvTestWaitCondition
                0x00000000080039fa       0x42 Middlewares/Third_Party/FreeRTOS/Source/event_groups.o
 .text.vListInitialise
                0x0000000008003a3c       0x3e Middlewares/Third_Party/FreeRTOS/Source/list.o
                0x0000000008003a3c                vListInitialise
 .text.vListInitialiseItem
                0x0000000008003a7a       0x18 Middlewares/Third_Party/FreeRTOS/Source/list.o
                0x0000000008003a7a                vListInitialiseItem
 .text.vListInsertEnd
                0x0000000008003a92       0x46 Middlewares/Third_Party/FreeRTOS/Source/list.o
                0x0000000008003a92                vListInsertEnd
 .text.vListInsert
                0x0000000008003ad8       0x70 Middlewares/Third_Party/FreeRTOS/Source/list.o
                0x0000000008003ad8                vListInsert
 .text.uxListRemove
                0x0000000008003b48       0x52 Middlewares/Third_Party/FreeRTOS/Source/list.o
                0x0000000008003b48                uxListRemove
 *fill*         0x0000000008003b9a        0x2 
 .text.xQueueGenericReset
                0x0000000008003b9c       0xd0 Middlewares/Third_Party/FreeRTOS/Source/queue.o
                0x0000000008003b9c                xQueueGenericReset
 .text.xQueueGenericCreateStatic
                0x0000000008003c6c       0xe4 Middlewares/Third_Party/FreeRTOS/Source/queue.o
                0x0000000008003c6c                xQueueGenericCreateStatic
 .text.xQueueGenericCreate
                0x0000000008003d50       0x7a Middlewares/Third_Party/FreeRTOS/Source/queue.o
                0x0000000008003d50                xQueueGenericCreate
 .text.prvInitialiseNewQueue
                0x0000000008003dca       0x46 Middlewares/Third_Party/FreeRTOS/Source/queue.o
 .text.xQueueGenericSend
                0x0000000008003e10      0x1f4 Middlewares/Third_Party/FreeRTOS/Source/queue.o
                0x0000000008003e10                xQueueGenericSend
 .text.xQueueGenericSendFromISR
                0x0000000008004004      0x128 Middlewares/Third_Party/FreeRTOS/Source/queue.o
                0x0000000008004004                xQueueGenericSendFromISR
 .text.xQueueReceive
                0x000000000800412c      0x1b8 Middlewares/Third_Party/FreeRTOS/Source/queue.o
                0x000000000800412c                xQueueReceive
 .text.xQueueSemaphoreTake
                0x00000000080042e4      0x210 Middlewares/Third_Party/FreeRTOS/Source/queue.o
                0x00000000080042e4                xQueueSemaphoreTake
 .text.prvGetDisinheritPriorityAfterTimeout
                0x00000000080044f4       0x2e Middlewares/Third_Party/FreeRTOS/Source/queue.o
 .text.prvCopyDataToQueue
                0x0000000008004522       0xd4 Middlewares/Third_Party/FreeRTOS/Source/queue.o
 .text.prvCopyDataFromQueue
                0x00000000080045f6       0x4c Middlewares/Third_Party/FreeRTOS/Source/queue.o
 .text.prvUnlockQueue
                0x0000000008004642       0xa4 Middlewares/Third_Party/FreeRTOS/Source/queue.o
 .text.prvIsQueueEmpty
                0x00000000080046e6       0x2c Middlewares/Third_Party/FreeRTOS/Source/queue.o
 .text.prvIsQueueFull
                0x0000000008004712       0x30 Middlewares/Third_Party/FreeRTOS/Source/queue.o
 *fill*         0x0000000008004742        0x2 
 .text.vQueueAddToRegistry
                0x0000000008004744       0x50 Middlewares/Third_Party/FreeRTOS/Source/queue.o
                0x0000000008004744                vQueueAddToRegistry
 .text.vQueueWaitForMessageRestricted
                0x0000000008004794       0x68 Middlewares/Third_Party/FreeRTOS/Source/queue.o
                0x0000000008004794                vQueueWaitForMessageRestricted
 .text.xTaskCreateStatic
                0x00000000080047fc       0xb2 Middlewares/Third_Party/FreeRTOS/Source/tasks.o
                0x00000000080047fc                xTaskCreateStatic
 .text.xTaskCreate
                0x00000000080048ae       0x8a Middlewares/Third_Party/FreeRTOS/Source/tasks.o
                0x00000000080048ae                xTaskCreate
 .text.prvInitialiseNewTask
                0x0000000008004938      0x10c Middlewares/Third_Party/FreeRTOS/Source/tasks.o
 .text.prvAddNewTaskToReadyList
                0x0000000008004a44       0xe0 Middlewares/Third_Party/FreeRTOS/Source/tasks.o
 .text.vTaskDelay
                0x0000000008004b24       0x68 Middlewares/Third_Party/FreeRTOS/Source/tasks.o
                0x0000000008004b24                vTaskDelay
 .text.vTaskStartScheduler
                0x0000000008004b8c       0xc8 Middlewares/Third_Party/FreeRTOS/Source/tasks.o
                0x0000000008004b8c                vTaskStartScheduler
 .text.vTaskSuspendAll
                0x0000000008004c54       0x1c Middlewares/Third_Party/FreeRTOS/Source/tasks.o
                0x0000000008004c54                vTaskSuspendAll
 .text.xTaskResumeAll
                0x0000000008004c70      0x138 Middlewares/Third_Party/FreeRTOS/Source/tasks.o
                0x0000000008004c70                xTaskResumeAll
 .text.xTaskGetTickCount
                0x0000000008004da8       0x1c Middlewares/Third_Party/FreeRTOS/Source/tasks.o
                0x0000000008004da8                xTaskGetTickCount
 .text.xTaskIncrementTick
                0x0000000008004dc4      0x17c Middlewares/Third_Party/FreeRTOS/Source/tasks.o
                0x0000000008004dc4                xTaskIncrementTick
 .text.vTaskSwitchContext
                0x0000000008004f40       0xb8 Middlewares/Third_Party/FreeRTOS/Source/tasks.o
                0x0000000008004f40                vTaskSwitchContext
 .text.vTaskPlaceOnEventList
                0x0000000008004ff8       0x48 Middlewares/Third_Party/FreeRTOS/Source/tasks.o
                0x0000000008004ff8                vTaskPlaceOnEventList
 .text.vTaskPlaceOnUnorderedEventList
                0x0000000008005040       0x74 Middlewares/Third_Party/FreeRTOS/Source/tasks.o
                0x0000000008005040                vTaskPlaceOnUnorderedEventList
 .text.vTaskPlaceOnEventListRestricted
                0x00000000080050b4       0x54 Middlewares/Third_Party/FreeRTOS/Source/tasks.o
                0x00000000080050b4                vTaskPlaceOnEventListRestricted
 .text.xTaskRemoveFromEventList
                0x0000000008005108       0xc4 Middlewares/Third_Party/FreeRTOS/Source/tasks.o
                0x0000000008005108                xTaskRemoveFromEventList
 .text.vTaskRemoveFromUnorderedEventList
                0x00000000080051cc       0xc0 Middlewares/Third_Party/FreeRTOS/Source/tasks.o
                0x00000000080051cc                vTaskRemoveFromUnorderedEventList
 .text.vTaskInternalSetTimeOutState
                0x000000000800528c       0x2c Middlewares/Third_Party/FreeRTOS/Source/tasks.o
                0x000000000800528c                vTaskInternalSetTimeOutState
 .text.xTaskCheckForTimeOut
                0x00000000080052b8       0xc0 Middlewares/Third_Party/FreeRTOS/Source/tasks.o
                0x00000000080052b8                xTaskCheckForTimeOut
 .text.vTaskMissedYield
                0x0000000008005378       0x18 Middlewares/Third_Party/FreeRTOS/Source/tasks.o
                0x0000000008005378                vTaskMissedYield
 .text.prvIdleTask
                0x0000000008005390       0x30 Middlewares/Third_Party/FreeRTOS/Source/tasks.o
 .text.prvInitialiseTaskLists
                0x00000000080053c0       0x80 Middlewares/Third_Party/FreeRTOS/Source/tasks.o
 .text.prvCheckTasksWaitingTermination
                0x0000000008005440       0x58 Middlewares/Third_Party/FreeRTOS/Source/tasks.o
 .text.prvDeleteTCB
                0x0000000008005498       0x5c Middlewares/Third_Party/FreeRTOS/Source/tasks.o
 .text.prvResetNextTaskUnblockTime
                0x00000000080054f4       0x48 Middlewares/Third_Party/FreeRTOS/Source/tasks.o
 .text.xTaskGetSchedulerState
                0x000000000800553c       0x3c Middlewares/Third_Party/FreeRTOS/Source/tasks.o
                0x000000000800553c                xTaskGetSchedulerState
 .text.xTaskPriorityInherit
                0x0000000008005578       0xdc Middlewares/Third_Party/FreeRTOS/Source/tasks.o
                0x0000000008005578                xTaskPriorityInherit
 .text.xTaskPriorityDisinherit
                0x0000000008005654       0xd8 Middlewares/Third_Party/FreeRTOS/Source/tasks.o
                0x0000000008005654                xTaskPriorityDisinherit
 .text.vTaskPriorityDisinheritAfterTimeout
                0x000000000800572c      0x108 Middlewares/Third_Party/FreeRTOS/Source/tasks.o
                0x000000000800572c                vTaskPriorityDisinheritAfterTimeout
 .text.uxTaskResetEventItemValue
                0x0000000008005834       0x30 Middlewares/Third_Party/FreeRTOS/Source/tasks.o
                0x0000000008005834                uxTaskResetEventItemValue
 .text.pvTaskIncrementMutexHeldCount
                0x0000000008005864       0x28 Middlewares/Third_Party/FreeRTOS/Source/tasks.o
                0x0000000008005864                pvTaskIncrementMutexHeldCount
 .text.prvAddCurrentTaskToDelayedList
                0x000000000800588c       0xa8 Middlewares/Third_Party/FreeRTOS/Source/tasks.o
 .text.xTimerCreateTimerTask
                0x0000000008005934       0x90 Middlewares/Third_Party/FreeRTOS/Source/timers.o
                0x0000000008005934                xTimerCreateTimerTask
 .text.xTimerGenericCommand
                0x00000000080059c4       0x98 Middlewares/Third_Party/FreeRTOS/Source/timers.o
                0x00000000080059c4                xTimerGenericCommand
 .text.prvProcessExpiredTimer
                0x0000000008005a5c       0x80 Middlewares/Third_Party/FreeRTOS/Source/timers.o
 .text.prvTimerTask
                0x0000000008005adc       0x24 Middlewares/Third_Party/FreeRTOS/Source/timers.o
 .text.prvProcessTimerOrBlockTask
                0x0000000008005b00       0x9c Middlewares/Third_Party/FreeRTOS/Source/timers.o
 .text.prvGetNextExpireTime
                0x0000000008005b9c       0x48 Middlewares/Third_Party/FreeRTOS/Source/timers.o
 .text.prvSampleTimeNow
                0x0000000008005be4       0x40 Middlewares/Third_Party/FreeRTOS/Source/timers.o
 .text.prvInsertTimerInActiveList
                0x0000000008005c24       0x84 Middlewares/Third_Party/FreeRTOS/Source/timers.o
 .text.prvProcessReceivedCommands
                0x0000000008005ca8      0x160 Middlewares/Third_Party/FreeRTOS/Source/timers.o
 .text.prvSwitchTimerLists
                0x0000000008005e08       0xc0 Middlewares/Third_Party/FreeRTOS/Source/timers.o
 .text.prvCheckForValidListAndQueue
                0x0000000008005ec8       0x80 Middlewares/Third_Party/FreeRTOS/Source/timers.o
 .text.pxPortInitialiseStack
                0x0000000008005f48       0x58 Middlewares/Third_Party/FreeRTOS/Source/portable/GCC/ARM_CM3/port.o
                0x0000000008005f48                pxPortInitialiseStack
 .text.prvTaskExitError
                0x0000000008005fa0       0x50 Middlewares/Third_Party/FreeRTOS/Source/portable/GCC/ARM_CM3/port.o
 .text.SVC_Handler
                0x0000000008005ff0       0x28 Middlewares/Third_Party/FreeRTOS/Source/portable/GCC/ARM_CM3/port.o
                0x0000000008005ff0                SVC_Handler
 .text.prvPortStartFirstTask
                0x0000000008006018       0x20 Middlewares/Third_Party/FreeRTOS/Source/portable/GCC/ARM_CM3/port.o
 .text.xPortStartScheduler
                0x0000000008006038       0xe0 Middlewares/Third_Party/FreeRTOS/Source/portable/GCC/ARM_CM3/port.o
                0x0000000008006038                xPortStartScheduler
 .text.vPortEnterCritical
                0x0000000008006118       0x5c Middlewares/Third_Party/FreeRTOS/Source/portable/GCC/ARM_CM3/port.o
                0x0000000008006118                vPortEnterCritical
 .text.vPortExitCritical
                0x0000000008006174       0x4c Middlewares/Third_Party/FreeRTOS/Source/portable/GCC/ARM_CM3/port.o
                0x0000000008006174                vPortExitCritical
 .text.PendSV_Handler
                0x00000000080061c0       0x48 Middlewares/Third_Party/FreeRTOS/Source/portable/GCC/ARM_CM3/port.o
                0x00000000080061c0                PendSV_Handler
 .text.SysTick_Handler
                0x0000000008006208       0x40 Middlewares/Third_Party/FreeRTOS/Source/portable/GCC/ARM_CM3/port.o
                0x0000000008006208                SysTick_Handler
 .text.vPortSetupTimerInterrupt
                0x0000000008006248       0x44 Middlewares/Third_Party/FreeRTOS/Source/portable/GCC/ARM_CM3/port.o
                0x0000000008006248                vPortSetupTimerInterrupt
 .text.vPortValidateInterruptPriority
                0x000000000800628c       0x78 Middlewares/Third_Party/FreeRTOS/Source/portable/GCC/ARM_CM3/port.o
                0x000000000800628c                vPortValidateInterruptPriority
 .text.pvPortMalloc
                0x0000000008006304      0x184 Middlewares/Third_Party/FreeRTOS/Source/portable/MemMang/heap_4.o
                0x0000000008006304                pvPortMalloc
 .text.vPortFree
                0x0000000008006488       0xb0 Middlewares/Third_Party/FreeRTOS/Source/portable/MemMang/heap_4.o
                0x0000000008006488                vPortFree
 .text.prvHeapInit
                0x0000000008006538       0xc4 Middlewares/Third_Party/FreeRTOS/Source/portable/MemMang/heap_4.o
 .text.prvInsertBlockIntoFreeList
                0x00000000080065fc       0xb0 Middlewares/Third_Party/FreeRTOS/Source/portable/MemMang/heap_4.o
 .text.__libc_init_array
                0x00000000080066ac       0x48 c:/stm32cubeide_1.4.0/stm32cubeide/plugins/com.st.stm32cube.ide.mcu.externaltools.gnu-tools-for-stm32.7-2018-q2-update.win32_1.5.0.202011040924/tools/bin/../lib/gcc/arm-none-eabi/7.3.1/../../../../arm-none-eabi/lib/thumb/v7-m\libc_nano.a(lib_a-init.o)
                0x00000000080066ac                __libc_init_array
 .text.__itoa   0x00000000080066f4       0x30 c:/stm32cubeide_1.4.0/stm32cubeide/plugins/com.st.stm32cube.ide.mcu.externaltools.gnu-tools-for-stm32.7-2018-q2-update.win32_1.5.0.202011040924/tools/bin/../lib/gcc/arm-none-eabi/7.3.1/../../../../arm-none-eabi/lib/thumb/v7-m\libc_nano.a(lib_a-itoa.o)
                0x00000000080066f4                __itoa
 .text.itoa     0x0000000008006724        0x4 c:/stm32cubeide_1.4.0/stm32cubeide/plugins/com.st.stm32cube.ide.mcu.externaltools.gnu-tools-for-stm32.7-2018-q2-update.win32_1.5.0.202011040924/tools/bin/../lib/gcc/arm-none-eabi/7.3.1/../../../../arm-none-eabi/lib/thumb/v7-m\libc_nano.a(lib_a-itoa.o)
                0x0000000008006724                itoa
 .text.memcpy   0x0000000008006728       0x16 c:/stm32cubeide_1.4.0/stm32cubeide/plugins/com.st.stm32cube.ide.mcu.externaltools.gnu-tools-for-stm32.7-2018-q2-update.win32_1.5.0.202011040924/tools/bin/../lib/gcc/arm-none-eabi/7.3.1/../../../../arm-none-eabi/lib/thumb/v7-m\libc_nano.a(lib_a-memcpy-stub.o)
                0x0000000008006728                memcpy
 .text.memset   0x000000000800673e       0x10 c:/stm32cubeide_1.4.0/stm32cubeide/plugins/com.st.stm32cube.ide.mcu.externaltools.gnu-tools-for-stm32.7-2018-q2-update.win32_1.5.0.202011040924/tools/bin/../lib/gcc/arm-none-eabi/7.3.1/../../../../arm-none-eabi/lib/thumb/v7-m\libc_nano.a(lib_a-memset.o)
                0x000000000800673e                memset
 *fill*         0x000000000800674e        0x2 
 .text.__utoa   0x0000000008006750       0x7c c:/stm32cubeide_1.4.0/stm32cubeide/plugins/com.st.stm32cube.ide.mcu.externaltools.gnu-tools-for-stm32.7-2018-q2-update.win32_1.5.0.202011040924/tools/bin/../lib/gcc/arm-none-eabi/7.3.1/../../../../arm-none-eabi/lib/thumb/v7-m\libc_nano.a(lib_a-utoa.o)
                0x0000000008006750                __utoa
 *(.glue_7)
 .glue_7        0x00000000080067cc        0x0 linker stubs
 *(.glue_7t)
 .glue_7t       0x00000000080067cc        0x0 linker stubs
 *(.eh_frame)
 .eh_frame      0x00000000080067cc        0x0 c:/stm32cubeide_1.4.0/stm32cubeide/plugins/com.st.stm32cube.ide.mcu.externaltools.gnu-tools-for-stm32.7-2018-q2-update.win32_1.5.0.202011040924/tools/bin/../lib/gcc/arm-none-eabi/7.3.1/thumb/v7-m/crtbegin.o
 *(.init)
 .init          0x00000000080067cc        0x4 c:/stm32cubeide_1.4.0/stm32cubeide/plugins/com.st.stm32cube.ide.mcu.externaltools.gnu-tools-for-stm32.7-2018-q2-update.win32_1.5.0.202011040924/tools/bin/../lib/gcc/arm-none-eabi/7.3.1/thumb/v7-m/crti.o
                0x00000000080067cc                _init
 .init          0x00000000080067d0        0x8 c:/stm32cubeide_1.4.0/stm32cubeide/plugins/com.st.stm32cube.ide.mcu.externaltools.gnu-tools-for-stm32.7-2018-q2-update.win32_1.5.0.202011040924/tools/bin/../lib/gcc/arm-none-eabi/7.3.1/thumb/v7-m/crtn.o
 *(.fini)
 .fini          0x00000000080067d8        0x4 c:/stm32cubeide_1.4.0/stm32cubeide/plugins/com.st.stm32cube.ide.mcu.externaltools.gnu-tools-for-stm32.7-2018-q2-update.win32_1.5.0.202011040924/tools/bin/../lib/gcc/arm-none-eabi/7.3.1/thumb/v7-m/crti.o
                0x00000000080067d8                _fini
 .fini          0x00000000080067dc        0x8 c:/stm32cubeide_1.4.0/stm32cubeide/plugins/com.st.stm32cube.ide.mcu.externaltools.gnu-tools-for-stm32.7-2018-q2-update.win32_1.5.0.202011040924/tools/bin/../lib/gcc/arm-none-eabi/7.3.1/thumb/v7-m/crtn.o
                0x00000000080067e4                . = ALIGN (0x4)
                0x00000000080067e4                _etext = .

.vfp11_veneer   0x00000000080067e4        0x0
 .vfp11_veneer  0x00000000080067e4        0x0 linker stubs

.v4_bx          0x00000000080067e4        0x0
 .v4_bx         0x00000000080067e4        0x0 linker stubs

.iplt           0x00000000080067e4        0x0
 .iplt          0x00000000080067e4        0x0 c:/stm32cubeide_1.4.0/stm32cubeide/plugins/com.st.stm32cube.ide.mcu.externaltools.gnu-tools-for-stm32.7-2018-q2-update.win32_1.5.0.202011040924/tools/bin/../lib/gcc/arm-none-eabi/7.3.1/thumb/v7-m/crtbegin.o

.rodata         0x00000000080067e4      0x250
                0x00000000080067e4                . = ALIGN (0x4)
 *(.rodata)
 .rodata        0x00000000080067e4      0x1ce Core/Src/main.o
 *fill*         0x00000000080069b2        0x2 
 .rodata        0x00000000080069b4       0x12 Drivers/STM32F1xx_HAL_Driver/Src/stm32f1xx_hal_rcc.o
 *fill*         0x00000000080069c6        0x2 
 .rodata        0x00000000080069c8       0x12 Drivers/STM32F1xx_HAL_Driver/Src/stm32f1xx_hal_rcc_ex.o
 *fill*         0x00000000080069da        0x2 
 .rodata        0x00000000080069dc        0x5 Middlewares/Third_Party/FreeRTOS/Source/tasks.o
 *fill*         0x00000000080069e1        0x3 
 .rodata        0x00000000080069e4        0xd Middlewares/Third_Party/FreeRTOS/Source/timers.o
 *(.rodata*)
 *fill*         0x00000000080069f1        0x3 
 .rodata.AHBPrescTable
                0x00000000080069f4       0x10 Core/Src/system_stm32f1xx.o
                0x00000000080069f4                AHBPrescTable
 .rodata.APBPrescTable
                0x0000000008006a04        0x8 Core/Src/system_stm32f1xx.o
                0x0000000008006a04                APBPrescTable
 .rodata.__utoa.str1.1
                0x0000000008006a0c       0x25 c:/stm32cubeide_1.4.0/stm32cubeide/plugins/com.st.stm32cube.ide.mcu.externaltools.gnu-tools-for-stm32.7-2018-q2-update.win32_1.5.0.202011040924/tools/bin/../lib/gcc/arm-none-eabi/7.3.1/../../../../arm-none-eabi/lib/thumb/v7-m\libc_nano.a(lib_a-utoa.o)
                0x0000000008006a34                . = ALIGN (0x4)
 *fill*         0x0000000008006a31        0x3 

.rel.dyn        0x0000000008006a34        0x0
 .rel.iplt      0x0000000008006a34        0x0 c:/stm32cubeide_1.4.0/stm32cubeide/plugins/com.st.stm32cube.ide.mcu.externaltools.gnu-tools-for-stm32.7-2018-q2-update.win32_1.5.0.202011040924/tools/bin/../lib/gcc/arm-none-eabi/7.3.1/thumb/v7-m/crtbegin.o

.ARM.extab      0x0000000008006a34        0x0
                0x0000000008006a34                . = ALIGN (0x4)
 *(.ARM.extab* .gnu.linkonce.armextab.*)
                0x0000000008006a34                . = ALIGN (0x4)

.ARM            0x0000000008006a34        0x0
                0x0000000008006a34                . = ALIGN (0x4)
                0x0000000008006a34                __exidx_start = .
 *(.ARM.exidx*)
                0x0000000008006a34                __exidx_end = .
                0x0000000008006a34                . = ALIGN (0x4)

.preinit_array  0x0000000008006a34        0x0
                0x0000000008006a34                . = ALIGN (0x4)
                0x0000000008006a34                PROVIDE (__preinit_array_start = .)
 *(.preinit_array*)
                0x0000000008006a34                PROVIDE (__preinit_array_end = .)
                0x0000000008006a34                . = ALIGN (0x4)

.init_array     0x0000000008006a34        0x4
                0x0000000008006a34                . = ALIGN (0x4)
                0x0000000008006a34                PROVIDE (__init_array_start = .)
 *(SORT_BY_NAME(.init_array.*))
 *(.init_array*)
 .init_array    0x0000000008006a34        0x4 c:/stm32cubeide_1.4.0/stm32cubeide/plugins/com.st.stm32cube.ide.mcu.externaltools.gnu-tools-for-stm32.7-2018-q2-update.win32_1.5.0.202011040924/tools/bin/../lib/gcc/arm-none-eabi/7.3.1/thumb/v7-m/crtbegin.o
                0x0000000008006a38                PROVIDE (__init_array_end = .)
                0x0000000008006a38                . = ALIGN (0x4)

.fini_array     0x0000000008006a38        0x4
                0x0000000008006a38                . = ALIGN (0x4)
                [!provide]                        PROVIDE (__fini_array_start = .)
 *(SORT_BY_NAME(.fini_array.*))
 *(.fini_array*)
 .fini_array    0x0000000008006a38        0x4 c:/stm32cubeide_1.4.0/stm32cubeide/plugins/com.st.stm32cube.ide.mcu.externaltools.gnu-tools-for-stm32.7-2018-q2-update.win32_1.5.0.202011040924/tools/bin/../lib/gcc/arm-none-eabi/7.3.1/thumb/v7-m/crtbegin.o
                [!provide]                        PROVIDE (__fini_array_end = .)
                0x0000000008006a3c                . = ALIGN (0x4)
                0x0000000008006a3c                _sidata = LOADADDR (.data)

.data           0x0000000020000000       0x10 load address 0x0000000008006a3c
                0x0000000020000000                . = ALIGN (0x4)
                0x0000000020000000                _sdata = .
 *(.data)
 *(.data*)
 .data.SystemCoreClock
                0x0000000020000000        0x4 Core/Src/system_stm32f1xx.o
                0x0000000020000000                SystemCoreClock
 .data.uwTickPrio
                0x0000000020000004        0x4 Drivers/STM32F1xx_HAL_Driver/Src/stm32f1xx_hal.o
                0x0000000020000004                uwTickPrio
 .data.uwTickFreq
                0x0000000020000008        0x1 Drivers/STM32F1xx_HAL_Driver/Src/stm32f1xx_hal.o
                0x0000000020000008                uwTickFreq
 *fill*         0x0000000020000009        0x3 
 .data.uxCriticalNesting
                0x000000002000000c        0x4 Middlewares/Third_Party/FreeRTOS/Source/portable/GCC/ARM_CM3/port.o
 *(.RamFunc)
 *(.RamFunc*)
                0x0000000020000010                . = ALIGN (0x4)
                0x0000000020000010                _edata = .

.igot.plt       0x0000000020000010        0x0 load address 0x0000000008006a4c
 .igot.plt      0x0000000020000010        0x0 c:/stm32cubeide_1.4.0/stm32cubeide/plugins/com.st.stm32cube.ide.mcu.externaltools.gnu-tools-for-stm32.7-2018-q2-update.win32_1.5.0.202011040924/tools/bin/../lib/gcc/arm-none-eabi/7.3.1/thumb/v7-m/crtbegin.o
                0x0000000020000010                . = ALIGN (0x4)

.bss            0x0000000020000010     0x1aac load address 0x0000000008006a4c
                0x0000000020000010                _sbss = .
                0x0000000020000010                __bss_start__ = _sbss
 *(.bss)
 .bss           0x0000000020000010       0x1c c:/stm32cubeide_1.4.0/stm32cubeide/plugins/com.st.stm32cube.ide.mcu.externaltools.gnu-tools-for-stm32.7-2018-q2-update.win32_1.5.0.202011040924/tools/bin/../lib/gcc/arm-none-eabi/7.3.1/thumb/v7-m/crtbegin.o
 *(.bss*)
 .bss.t1_handle
                0x000000002000002c        0x4 Core/Src/main.o
                0x000000002000002c                t1_handle
 .bss.t2_handle
                0x0000000020000030        0x4 Core/Src/main.o
                0x0000000020000030                t2_handle
 .bss.t3_handle
                0x0000000020000034        0x4 Core/Src/main.o
                0x0000000020000034                t3_handle
 .bss.t4_handle
                0x0000000020000038        0x4 Core/Src/main.o
                0x0000000020000038                t4_handle
 .bss.t5_handle
                0x000000002000003c        0x4 Core/Src/main.o
                0x000000002000003c                t5_handle
 .bss.bsUartRes
                0x0000000020000040        0x4 Core/Src/main.o
                0x0000000020000040                bsUartRes
 .bss.buff      0x0000000020000044        0x4 Core/Src/main.o
                0x0000000020000044                buff
 .bss.count     0x0000000020000048        0x1 Core/Src/main.o
                0x0000000020000048                count
 *fill*         0x0000000020000049        0x3 
 .bss.buff2     0x000000002000004c        0x4 Core/Src/main.o
                0x000000002000004c                buff2
 .bss.buff3     0x0000000020000050       0x14 Core/Src/main.o
                0x0000000020000050                buff3
 .bss.i         0x0000000020000064        0x2 Core/Src/main.o
                0x0000000020000064                i
 *fill*         0x0000000020000066        0x2 
 .bss.Idle_TCB  0x0000000020000068       0x5c Middlewares/Third_Party/FreeRTOS/Source/CMSIS_RTOS_V2/cmsis_os2.o
 .bss.Idle_Stack
                0x00000000200000c4      0x200 Middlewares/Third_Party/FreeRTOS/Source/CMSIS_RTOS_V2/cmsis_os2.o
 .bss.Timer_TCB
                0x00000000200002c4       0x5c Middlewares/Third_Party/FreeRTOS/Source/CMSIS_RTOS_V2/cmsis_os2.o
 .bss.Timer_Stack
                0x0000000020000320      0x400 Middlewares/Third_Party/FreeRTOS/Source/CMSIS_RTOS_V2/cmsis_os2.o
 .bss.pxCurrentTCB
                0x0000000020000720        0x4 Middlewares/Third_Party/FreeRTOS/Source/tasks.o
                0x0000000020000720                pxCurrentTCB
 .bss.pxReadyTasksLists
                0x0000000020000724      0x460 Middlewares/Third_Party/FreeRTOS/Source/tasks.o
 .bss.xDelayedTaskList1
                0x0000000020000b84       0x14 Middlewares/Third_Party/FreeRTOS/Source/tasks.o
 .bss.xDelayedTaskList2
                0x0000000020000b98       0x14 Middlewares/Third_Party/FreeRTOS/Source/tasks.o
 .bss.pxDelayedTaskList
                0x0000000020000bac        0x4 Middlewares/Third_Party/FreeRTOS/Source/tasks.o
 .bss.pxOverflowDelayedTaskList
                0x0000000020000bb0        0x4 Middlewares/Third_Party/FreeRTOS/Source/tasks.o
 .bss.xPendingReadyList
                0x0000000020000bb4       0x14 Middlewares/Third_Party/FreeRTOS/Source/tasks.o
 .bss.xTasksWaitingTermination
                0x0000000020000bc8       0x14 Middlewares/Third_Party/FreeRTOS/Source/tasks.o
 .bss.uxDeletedTasksWaitingCleanUp
                0x0000000020000bdc        0x4 Middlewares/Third_Party/FreeRTOS/Source/tasks.o
 .bss.xSuspendedTaskList
                0x0000000020000be0       0x14 Middlewares/Third_Party/FreeRTOS/Source/tasks.o
 .bss.uxCurrentNumberOfTasks
                0x0000000020000bf4        0x4 Middlewares/Third_Party/FreeRTOS/Source/tasks.o
 .bss.xTickCount
                0x0000000020000bf8        0x4 Middlewares/Third_Party/FreeRTOS/Source/tasks.o
 .bss.uxTopReadyPriority
                0x0000000020000bfc        0x4 Middlewares/Third_Party/FreeRTOS/Source/tasks.o
 .bss.xSchedulerRunning
                0x0000000020000c00        0x4 Middlewares/Third_Party/FreeRTOS/Source/tasks.o
 .bss.uxPendedTicks
                0x0000000020000c04        0x4 Middlewares/Third_Party/FreeRTOS/Source/tasks.o
 .bss.xYieldPending
                0x0000000020000c08        0x4 Middlewares/Third_Party/FreeRTOS/Source/tasks.o
 .bss.xNumOfOverflows
                0x0000000020000c0c        0x4 Middlewares/Third_Party/FreeRTOS/Source/tasks.o
 .bss.uxTaskNumber
                0x0000000020000c10        0x4 Middlewares/Third_Party/FreeRTOS/Source/tasks.o
 .bss.xNextTaskUnblockTime
                0x0000000020000c14        0x4 Middlewares/Third_Party/FreeRTOS/Source/tasks.o
 .bss.xIdleTaskHandle
                0x0000000020000c18        0x4 Middlewares/Third_Party/FreeRTOS/Source/tasks.o
 .bss.uxSchedulerSuspended
                0x0000000020000c1c        0x4 Middlewares/Third_Party/FreeRTOS/Source/tasks.o
 .bss.xActiveTimerList1
                0x0000000020000c20       0x14 Middlewares/Third_Party/FreeRTOS/Source/timers.o
 .bss.xActiveTimerList2
                0x0000000020000c34       0x14 Middlewares/Third_Party/FreeRTOS/Source/timers.o
 .bss.pxCurrentTimerList
                0x0000000020000c48        0x4 Middlewares/Third_Party/FreeRTOS/Source/timers.o
 .bss.pxOverflowTimerList
                0x0000000020000c4c        0x4 Middlewares/Third_Party/FreeRTOS/Source/timers.o
 .bss.xTimerQueue
                0x0000000020000c50        0x4 Middlewares/Third_Party/FreeRTOS/Source/timers.o
 .bss.xTimerTaskHandle
                0x0000000020000c54        0x4 Middlewares/Third_Party/FreeRTOS/Source/timers.o
 .bss.xLastTime.5452
                0x0000000020000c58        0x4 Middlewares/Third_Party/FreeRTOS/Source/timers.o
 .bss.ucStaticTimerQueueStorage.5503
                0x0000000020000c5c       0xa0 Middlewares/Third_Party/FreeRTOS/Source/timers.o
 .bss.xStaticTimerQueue.5502
                0x0000000020000cfc       0x50 Middlewares/Third_Party/FreeRTOS/Source/timers.o
 .bss.ucMaxSysCallPriority
                0x0000000020000d4c        0x1 Middlewares/Third_Party/FreeRTOS/Source/portable/GCC/ARM_CM3/port.o
 *fill*         0x0000000020000d4d        0x3 
 .bss.ulMaxPRIGROUPValue
                0x0000000020000d50        0x4 Middlewares/Third_Party/FreeRTOS/Source/portable/GCC/ARM_CM3/port.o
 .bss.ucHeap    0x0000000020000d54      0xc00 Middlewares/Third_Party/FreeRTOS/Source/portable/MemMang/heap_4.o
 .bss.xStart    0x0000000020001954        0x8 Middlewares/Third_Party/FreeRTOS/Source/portable/MemMang/heap_4.o
 .bss.pxEnd     0x000000002000195c        0x4 Middlewares/Third_Party/FreeRTOS/Source/portable/MemMang/heap_4.o
 .bss.xFreeBytesRemaining
                0x0000000020001960        0x4 Middlewares/Third_Party/FreeRTOS/Source/portable/MemMang/heap_4.o
 .bss.xMinimumEverFreeBytesRemaining
                0x0000000020001964        0x4 Middlewares/Third_Party/FreeRTOS/Source/portable/MemMang/heap_4.o
 .bss.xBlockAllocatedBit
                0x0000000020001968        0x4 Middlewares/Third_Party/FreeRTOS/Source/portable/MemMang/heap_4.o
 *(COMMON)
 COMMON         0x000000002000196c       0xc4 Core/Src/main.o
                0x000000002000196c                AD_RES
                0x0000000020001970                hadc2
                0x00000000200019a0                egSym
                0x00000000200019a4                SHOWPOT
                0x00000000200019a8                hadc1
                0x00000000200019d8                SHOWLDR
                0x00000000200019dc                huart1
                0x0000000020001a1c                AD_RES_ldr
                0x0000000020001a20                SHOWTRSH
                0x0000000020001a24                TAS
                0x0000000020001a2c                egBits
 COMMON         0x0000000020001a30       0x48 Core/Src/stm32f1xx_hal_timebase_tim.o
                0x0000000020001a30                htim1
 COMMON         0x0000000020001a78        0x4 Drivers/STM32F1xx_HAL_Driver/Src/stm32f1xx_hal.o
                0x0000000020001a78                uwTick
 COMMON         0x0000000020001a7c       0x40 Middlewares/Third_Party/FreeRTOS/Source/queue.o
                0x0000000020001a7c                xQueueRegistry
                0x0000000020001abc                . = ALIGN (0x4)
                0x0000000020001abc                _ebss = .
                0x0000000020001abc                __bss_end__ = _ebss

._user_heap_stack
                0x0000000020001abc      0x604 load address 0x0000000008006a4c
                0x0000000020001ac0                . = ALIGN (0x8)
 *fill*         0x0000000020001abc        0x4 
                [!provide]                        PROVIDE (end = .)
                0x0000000020001ac0                PROVIDE (_end = .)
                0x0000000020001cc0                . = (. + _Min_Heap_Size)
 *fill*         0x0000000020001ac0      0x200 
                0x00000000200020c0                . = (. + _Min_Stack_Size)
 *fill*         0x0000000020001cc0      0x400 
                0x00000000200020c0                . = ALIGN (0x8)

/DISCARD/
 libc.a(*)
 libm.a(*)
 libgcc.a(*)

.ARM.attributes
                0x0000000000000000       0x29
 *(.ARM.attributes)
 .ARM.attributes
                0x0000000000000000       0x1d c:/stm32cubeide_1.4.0/stm32cubeide/plugins/com.st.stm32cube.ide.mcu.externaltools.gnu-tools-for-stm32.7-2018-q2-update.win32_1.5.0.202011040924/tools/bin/../lib/gcc/arm-none-eabi/7.3.1/thumb/v7-m/crti.o
 .ARM.attributes
                0x000000000000001d       0x2d c:/stm32cubeide_1.4.0/stm32cubeide/plugins/com.st.stm32cube.ide.mcu.externaltools.gnu-tools-for-stm32.7-2018-q2-update.win32_1.5.0.202011040924/tools/bin/../lib/gcc/arm-none-eabi/7.3.1/thumb/v7-m/crtbegin.o
 .ARM.attributes
                0x000000000000004a       0x33 Core/Src/main.o
 .ARM.attributes
                0x000000000000007d       0x33 Core/Src/stm32f1xx_hal_msp.o
 .ARM.attributes
                0x00000000000000b0       0x33 Core/Src/stm32f1xx_hal_timebase_tim.o
 .ARM.attributes
                0x00000000000000e3       0x33 Core/Src/stm32f1xx_it.o
 .ARM.attributes
                0x0000000000000116       0x33 Core/Src/system_stm32f1xx.o
 .ARM.attributes
                0x0000000000000149       0x21 Core/Startup/startup_stm32f103c8tx.o
 .ARM.attributes
                0x000000000000016a       0x33 Drivers/STM32F1xx_HAL_Driver/Src/LCD_prog.o
 .ARM.attributes
                0x000000000000019d       0x33 Drivers/STM32F1xx_HAL_Driver/Src/stm32f1xx_hal.o
 .ARM.attributes
                0x00000000000001d0       0x33 Drivers/STM32F1xx_HAL_Driver/Src/stm32f1xx_hal_adc.o
 .ARM.attributes
                0x0000000000000203       0x33 Drivers/STM32F1xx_HAL_Driver/Src/stm32f1xx_hal_adc_ex.o
 .ARM.attributes
                0x0000000000000236       0x33 Drivers/STM32F1xx_HAL_Driver/Src/stm32f1xx_hal_cortex.o
 .ARM.attributes
                0x0000000000000269       0x33 Drivers/STM32F1xx_HAL_Driver/Src/stm32f1xx_hal_gpio.o
 .ARM.attributes
                0x000000000000029c       0x33 Drivers/STM32F1xx_HAL_Driver/Src/stm32f1xx_hal_rcc.o
 .ARM.attributes
                0x00000000000002cf       0x33 Drivers/STM32F1xx_HAL_Driver/Src/stm32f1xx_hal_rcc_ex.o
 .ARM.attributes
                0x0000000000000302       0x33 Drivers/STM32F1xx_HAL_Driver/Src/stm32f1xx_hal_tim.o
 .ARM.attributes
                0x0000000000000335       0x33 Drivers/STM32F1xx_HAL_Driver/Src/stm32f1xx_hal_tim_ex.o
 .ARM.attributes
                0x0000000000000368       0x33 Drivers/STM32F1xx_HAL_Driver/Src/stm32f1xx_hal_uart.o
 .ARM.attributes
                0x000000000000039b       0x33 Middlewares/Third_Party/FreeRTOS/Source/CMSIS_RTOS_V2/cmsis_os2.o
 .ARM.attributes
                0x00000000000003ce       0x33 Middlewares/Third_Party/FreeRTOS/Source/event_groups.o
 .ARM.attributes
                0x0000000000000401       0x33 Middlewares/Third_Party/FreeRTOS/Source/list.o
 .ARM.attributes
                0x0000000000000434       0x33 Middlewares/Third_Party/FreeRTOS/Source/queue.o
 .ARM.attributes
                0x0000000000000467       0x33 Middlewares/Third_Party/FreeRTOS/Source/tasks.o
 .ARM.attributes
                0x000000000000049a       0x33 Middlewares/Third_Party/FreeRTOS/Source/timers.o
 .ARM.attributes
                0x00000000000004cd       0x33 Middlewares/Third_Party/FreeRTOS/Source/portable/GCC/ARM_CM3/port.o
 .ARM.attributes
                0x0000000000000500       0x33 Middlewares/Third_Party/FreeRTOS/Source/portable/MemMang/heap_4.o
 .ARM.attributes
                0x0000000000000533       0x2d c:/stm32cubeide_1.4.0/stm32cubeide/plugins/com.st.stm32cube.ide.mcu.externaltools.gnu-tools-for-stm32.7-2018-q2-update.win32_1.5.0.202011040924/tools/bin/../lib/gcc/arm-none-eabi/7.3.1/../../../../arm-none-eabi/lib/thumb/v7-m\libc_nano.a(lib_a-init.o)
 .ARM.attributes
                0x0000000000000560       0x2d c:/stm32cubeide_1.4.0/stm32cubeide/plugins/com.st.stm32cube.ide.mcu.externaltools.gnu-tools-for-stm32.7-2018-q2-update.win32_1.5.0.202011040924/tools/bin/../lib/gcc/arm-none-eabi/7.3.1/../../../../arm-none-eabi/lib/thumb/v7-m\libc_nano.a(lib_a-itoa.o)
 .ARM.attributes
                0x000000000000058d       0x2d c:/stm32cubeide_1.4.0/stm32cubeide/plugins/com.st.stm32cube.ide.mcu.externaltools.gnu-tools-for-stm32.7-2018-q2-update.win32_1.5.0.202011040924/tools/bin/../lib/gcc/arm-none-eabi/7.3.1/../../../../arm-none-eabi/lib/thumb/v7-m\libc_nano.a(lib_a-memcpy-stub.o)
 .ARM.attributes
                0x00000000000005ba       0x2d c:/stm32cubeide_1.4.0/stm32cubeide/plugins/com.st.stm32cube.ide.mcu.externaltools.gnu-tools-for-stm32.7-2018-q2-update.win32_1.5.0.202011040924/tools/bin/../lib/gcc/arm-none-eabi/7.3.1/../../../../arm-none-eabi/lib/thumb/v7-m\libc_nano.a(lib_a-memset.o)
 .ARM.attributes
                0x00000000000005e7       0x1b c:/stm32cubeide_1.4.0/stm32cubeide/plugins/com.st.stm32cube.ide.mcu.externaltools.gnu-tools-for-stm32.7-2018-q2-update.win32_1.5.0.202011040924/tools/bin/../lib/gcc/arm-none-eabi/7.3.1/../../../../arm-none-eabi/lib/thumb/v7-m\libc_nano.a(lib_a-strcmp.o)
 .ARM.attributes
                0x0000000000000602       0x2d c:/stm32cubeide_1.4.0/stm32cubeide/plugins/com.st.stm32cube.ide.mcu.externaltools.gnu-tools-for-stm32.7-2018-q2-update.win32_1.5.0.202011040924/tools/bin/../lib/gcc/arm-none-eabi/7.3.1/../../../../arm-none-eabi/lib/thumb/v7-m\libc_nano.a(lib_a-utoa.o)
 .ARM.attributes
                0x000000000000062f       0x1d c:/stm32cubeide_1.4.0/stm32cubeide/plugins/com.st.stm32cube.ide.mcu.externaltools.gnu-tools-for-stm32.7-2018-q2-update.win32_1.5.0.202011040924/tools/bin/../lib/gcc/arm-none-eabi/7.3.1/thumb/v7-m/crtn.o
OUTPUT(RTOS_PROG.elf elf32-littlearm)

.debug_info     0x0000000000000000    0x19c48
 .debug_info    0x0000000000000000     0x1a87 Core/Src/main.o
 .debug_info    0x0000000000001a87      0xc35 Core/Src/stm32f1xx_hal_msp.o
 .debug_info    0x00000000000026bc      0x993 Core/Src/stm32f1xx_hal_timebase_tim.o
 .debug_info    0x000000000000304f      0x710 Core/Src/stm32f1xx_it.o
 .debug_info    0x000000000000375f      0x29a Core/Src/system_stm32f1xx.o
 .debug_info    0x00000000000039f9       0x22 Core/Startup/startup_stm32f103c8tx.o
 .debug_info    0x0000000000003a1b      0x379 Drivers/STM32F1xx_HAL_Driver/Src/LCD_prog.o
 .debug_info    0x0000000000003d94      0x714 Drivers/STM32F1xx_HAL_Driver/Src/stm32f1xx_hal.o
 .debug_info    0x00000000000044a8      0xc6c Drivers/STM32F1xx_HAL_Driver/Src/stm32f1xx_hal_adc.o
 .debug_info    0x0000000000005114      0xa06 Drivers/STM32F1xx_HAL_Driver/Src/stm32f1xx_hal_adc_ex.o
 .debug_info    0x0000000000005b1a      0xb51 Drivers/STM32F1xx_HAL_Driver/Src/stm32f1xx_hal_cortex.o
 .debug_info    0x000000000000666b      0x69b Drivers/STM32F1xx_HAL_Driver/Src/stm32f1xx_hal_gpio.o
 .debug_info    0x0000000000006d06      0x80f Drivers/STM32F1xx_HAL_Driver/Src/stm32f1xx_hal_rcc.o
 .debug_info    0x0000000000007515      0x444 Drivers/STM32F1xx_HAL_Driver/Src/stm32f1xx_hal_rcc_ex.o
 .debug_info    0x0000000000007959     0x27ef Drivers/STM32F1xx_HAL_Driver/Src/stm32f1xx_hal_tim.o
 .debug_info    0x000000000000a148     0x136f Drivers/STM32F1xx_HAL_Driver/Src/stm32f1xx_hal_tim_ex.o
 .debug_info    0x000000000000b4b7     0x121b Drivers/STM32F1xx_HAL_Driver/Src/stm32f1xx_hal_uart.o
 .debug_info    0x000000000000c6d2     0x403a Middlewares/Third_Party/FreeRTOS/Source/CMSIS_RTOS_V2/cmsis_os2.o
 .debug_info    0x000000000001070c     0x1363 Middlewares/Third_Party/FreeRTOS/Source/event_groups.o
 .debug_info    0x0000000000011a6f      0xac5 Middlewares/Third_Party/FreeRTOS/Source/list.o
 .debug_info    0x0000000000012534     0x22e8 Middlewares/Third_Party/FreeRTOS/Source/queue.o
 .debug_info    0x000000000001481c     0x294f Middlewares/Third_Party/FreeRTOS/Source/tasks.o
 .debug_info    0x000000000001716b     0x1a21 Middlewares/Third_Party/FreeRTOS/Source/timers.o
 .debug_info    0x0000000000018b8c      0x4d2 Middlewares/Third_Party/FreeRTOS/Source/portable/GCC/ARM_CM3/port.o
 .debug_info    0x000000000001905e      0xbea Middlewares/Third_Party/FreeRTOS/Source/portable/MemMang/heap_4.o

.debug_abbrev   0x0000000000000000     0x3512
 .debug_abbrev  0x0000000000000000      0x2ca Core/Src/main.o
 .debug_abbrev  0x00000000000002ca      0x195 Core/Src/stm32f1xx_hal_msp.o
 .debug_abbrev  0x000000000000045f      0x19d Core/Src/stm32f1xx_hal_timebase_tim.o
 .debug_abbrev  0x00000000000005fc      0x15a Core/Src/stm32f1xx_it.o
 .debug_abbrev  0x0000000000000756      0x134 Core/Src/system_stm32f1xx.o
 .debug_abbrev  0x000000000000088a       0x12 Core/Startup/startup_stm32f103c8tx.o
 .debug_abbrev  0x000000000000089c      0x16f Drivers/STM32F1xx_HAL_Driver/Src/LCD_prog.o
 .debug_abbrev  0x0000000000000a0b      0x1c7 Drivers/STM32F1xx_HAL_Driver/Src/stm32f1xx_hal.o
 .debug_abbrev  0x0000000000000bd2      0x1d5 Drivers/STM32F1xx_HAL_Driver/Src/stm32f1xx_hal_adc.o
 .debug_abbrev  0x0000000000000da7      0x1f5 Drivers/STM32F1xx_HAL_Driver/Src/stm32f1xx_hal_adc_ex.o
 .debug_abbrev  0x0000000000000f9c      0x2d5 Drivers/STM32F1xx_HAL_Driver/Src/stm32f1xx_hal_cortex.o
 .debug_abbrev  0x0000000000001271      0x1c0 Drivers/STM32F1xx_HAL_Driver/Src/stm32f1xx_hal_gpio.o
 .debug_abbrev  0x0000000000001431      0x243 Drivers/STM32F1xx_HAL_Driver/Src/stm32f1xx_hal_rcc.o
 .debug_abbrev  0x0000000000001674      0x175 Drivers/STM32F1xx_HAL_Driver/Src/stm32f1xx_hal_rcc_ex.o
 .debug_abbrev  0x00000000000017e9      0x230 Drivers/STM32F1xx_HAL_Driver/Src/stm32f1xx_hal_tim.o
 .debug_abbrev  0x0000000000001a19      0x236 Drivers/STM32F1xx_HAL_Driver/Src/stm32f1xx_hal_tim_ex.o
 .debug_abbrev  0x0000000000001c4f      0x242 Drivers/STM32F1xx_HAL_Driver/Src/stm32f1xx_hal_uart.o
 .debug_abbrev  0x0000000000001e91      0x3a0 Middlewares/Third_Party/FreeRTOS/Source/CMSIS_RTOS_V2/cmsis_os2.o
 .debug_abbrev  0x0000000000002231      0x2f4 Middlewares/Third_Party/FreeRTOS/Source/event_groups.o
 .debug_abbrev  0x0000000000002525      0x1cf Middlewares/Third_Party/FreeRTOS/Source/list.o
 .debug_abbrev  0x00000000000026f4      0x354 Middlewares/Third_Party/FreeRTOS/Source/queue.o
 .debug_abbrev  0x0000000000002a48      0x350 Middlewares/Third_Party/FreeRTOS/Source/tasks.o
 .debug_abbrev  0x0000000000002d98      0x2d7 Middlewares/Third_Party/FreeRTOS/Source/timers.o
 .debug_abbrev  0x000000000000306f      0x205 Middlewares/Third_Party/FreeRTOS/Source/portable/GCC/ARM_CM3/port.o
 .debug_abbrev  0x0000000000003274      0x29e Middlewares/Third_Party/FreeRTOS/Source/portable/MemMang/heap_4.o

.debug_aranges  0x0000000000000000     0x1558
 .debug_aranges
                0x0000000000000000       0x90 Core/Src/main.o
 .debug_aranges
                0x0000000000000090       0x40 Core/Src/stm32f1xx_hal_msp.o
 .debug_aranges
                0x00000000000000d0       0x30 Core/Src/stm32f1xx_hal_timebase_tim.o
 .debug_aranges
                0x0000000000000100       0x50 Core/Src/stm32f1xx_it.o
 .debug_aranges
                0x0000000000000150       0x28 Core/Src/system_stm32f1xx.o
 .debug_aranges
                0x0000000000000178       0x28 Core/Startup/startup_stm32f103c8tx.o
 .debug_aranges
                0x00000000000001a0       0x58 Drivers/STM32F1xx_HAL_Driver/Src/LCD_prog.o
 .debug_aranges
                0x00000000000001f8       0xe0 Drivers/STM32F1xx_HAL_Driver/Src/stm32f1xx_hal.o
 .debug_aranges
                0x00000000000002d8       0xf0 Drivers/STM32F1xx_HAL_Driver/Src/stm32f1xx_hal_adc.o
 .debug_aranges
                0x00000000000003c8       0x80 Drivers/STM32F1xx_HAL_Driver/Src/stm32f1xx_hal_adc_ex.o
 .debug_aranges
                0x0000000000000448      0x100 Drivers/STM32F1xx_HAL_Driver/Src/stm32f1xx_hal_cortex.o
 .debug_aranges
                0x0000000000000548       0x58 Drivers/STM32F1xx_HAL_Driver/Src/stm32f1xx_hal_gpio.o
 .debug_aranges
                0x00000000000005a0       0x90 Drivers/STM32F1xx_HAL_Driver/Src/stm32f1xx_hal_rcc.o
 .debug_aranges
                0x0000000000000630       0x30 Drivers/STM32F1xx_HAL_Driver/Src/stm32f1xx_hal_rcc_ex.o
 .debug_aranges
                0x0000000000000660      0x3d0 Drivers/STM32F1xx_HAL_Driver/Src/stm32f1xx_hal_tim.o
 .debug_aranges
                0x0000000000000a30      0x168 Drivers/STM32F1xx_HAL_Driver/Src/stm32f1xx_hal_tim_ex.o
 .debug_aranges
                0x0000000000000b98      0x1d0 Drivers/STM32F1xx_HAL_Driver/Src/stm32f1xx_hal_uart.o
 .debug_aranges
                0x0000000000000d68      0x228 Middlewares/Third_Party/FreeRTOS/Source/CMSIS_RTOS_V2/cmsis_os2.o
 .debug_aranges
                0x0000000000000f90       0x90 Middlewares/Third_Party/FreeRTOS/Source/event_groups.o
 .debug_aranges
                0x0000000000001020       0x40 Middlewares/Third_Party/FreeRTOS/Source/list.o
 .debug_aranges
                0x0000000000001060      0x158 Middlewares/Third_Party/FreeRTOS/Source/queue.o
 .debug_aranges
                0x00000000000011b8      0x1f8 Middlewares/Third_Party/FreeRTOS/Source/tasks.o
 .debug_aranges
                0x00000000000013b0       0xe0 Middlewares/Third_Party/FreeRTOS/Source/timers.o
 .debug_aranges
                0x0000000000001490       0x78 Middlewares/Third_Party/FreeRTOS/Source/portable/GCC/ARM_CM3/port.o
 .debug_aranges
                0x0000000000001508       0x50 Middlewares/Third_Party/FreeRTOS/Source/portable/MemMang/heap_4.o

.debug_ranges   0x0000000000000000     0x13d0
 .debug_ranges  0x0000000000000000       0x80 Core/Src/main.o
 .debug_ranges  0x0000000000000080       0x30 Core/Src/stm32f1xx_hal_msp.o
 .debug_ranges  0x00000000000000b0       0x20 Core/Src/stm32f1xx_hal_timebase_tim.o
 .debug_ranges  0x00000000000000d0       0x40 Core/Src/stm32f1xx_it.o
 .debug_ranges  0x0000000000000110       0x18 Core/Src/system_stm32f1xx.o
 .debug_ranges  0x0000000000000128       0x20 Core/Startup/startup_stm32f103c8tx.o
 .debug_ranges  0x0000000000000148       0x48 Drivers/STM32F1xx_HAL_Driver/Src/LCD_prog.o
 .debug_ranges  0x0000000000000190       0xd0 Drivers/STM32F1xx_HAL_Driver/Src/stm32f1xx_hal.o
 .debug_ranges  0x0000000000000260       0xe0 Drivers/STM32F1xx_HAL_Driver/Src/stm32f1xx_hal_adc.o
 .debug_ranges  0x0000000000000340       0x70 Drivers/STM32F1xx_HAL_Driver/Src/stm32f1xx_hal_adc_ex.o
 .debug_ranges  0x00000000000003b0       0xf0 Drivers/STM32F1xx_HAL_Driver/Src/stm32f1xx_hal_cortex.o
 .debug_ranges  0x00000000000004a0       0x48 Drivers/STM32F1xx_HAL_Driver/Src/stm32f1xx_hal_gpio.o
 .debug_ranges  0x00000000000004e8       0x80 Drivers/STM32F1xx_HAL_Driver/Src/stm32f1xx_hal_rcc.o
 .debug_ranges  0x0000000000000568       0x20 Drivers/STM32F1xx_HAL_Driver/Src/stm32f1xx_hal_rcc_ex.o
 .debug_ranges  0x0000000000000588      0x3c0 Drivers/STM32F1xx_HAL_Driver/Src/stm32f1xx_hal_tim.o
 .debug_ranges  0x0000000000000948      0x158 Drivers/STM32F1xx_HAL_Driver/Src/stm32f1xx_hal_tim_ex.o
 .debug_ranges  0x0000000000000aa0      0x1c0 Drivers/STM32F1xx_HAL_Driver/Src/stm32f1xx_hal_uart.o
 .debug_ranges  0x0000000000000c60      0x218 Middlewares/Third_Party/FreeRTOS/Source/CMSIS_RTOS_V2/cmsis_os2.o
 .debug_ranges  0x0000000000000e78       0x80 Middlewares/Third_Party/FreeRTOS/Source/event_groups.o
 .debug_ranges  0x0000000000000ef8       0x30 Middlewares/Third_Party/FreeRTOS/Source/list.o
 .debug_ranges  0x0000000000000f28      0x148 Middlewares/Third_Party/FreeRTOS/Source/queue.o
 .debug_ranges  0x0000000000001070      0x1e8 Middlewares/Third_Party/FreeRTOS/Source/tasks.o
 .debug_ranges  0x0000000000001258       0xd0 Middlewares/Third_Party/FreeRTOS/Source/timers.o
 .debug_ranges  0x0000000000001328       0x68 Middlewares/Third_Party/FreeRTOS/Source/portable/GCC/ARM_CM3/port.o
 .debug_ranges  0x0000000000001390       0x40 Middlewares/Third_Party/FreeRTOS/Source/portable/MemMang/heap_4.o

.debug_macro    0x0000000000000000     0x4182
 .debug_macro   0x0000000000000000      0x496 Core/Src/main.o
 .debug_macro   0x0000000000000496       0x5b Core/Src/main.o
 .debug_macro   0x00000000000004f1       0x74 Core/Src/main.o
 .debug_macro   0x0000000000000565      0x122 Core/Src/main.o
 .debug_macro   0x0000000000000687       0xdd Core/Src/main.o
 .debug_macro   0x0000000000000764       0x46 Core/Src/main.o
 .debug_macro   0x00000000000007aa       0x18 Core/Src/main.o
 .debug_macro   0x00000000000007c2       0x3c Core/Src/main.o
 .debug_macro   0x00000000000007fe       0x34 Core/Src/main.o
 .debug_macro   0x0000000000000832       0x16 Core/Src/main.o
 .debug_macro   0x0000000000000848       0x35 Core/Src/main.o
 .debug_macro   0x000000000000087d      0x32a Core/Src/main.o
 .debug_macro   0x0000000000000ba7       0x10 Core/Src/main.o
 .debug_macro   0x0000000000000bb7       0x52 Core/Src/main.o
 .debug_macro   0x0000000000000c09       0x1f Core/Src/main.o
 .debug_macro   0x0000000000000c28       0x43 Core/Src/main.o
 .debug_macro   0x0000000000000c6b       0x20 Core/Src/main.o
 .debug_macro   0x0000000000000c8b      0x1a3 Core/Src/main.o
 .debug_macro   0x0000000000000e2e       0x10 Core/Src/main.o
 .debug_macro   0x0000000000000e3e       0x1c Core/Src/main.o
 .debug_macro   0x0000000000000e5a       0x52 Core/Src/main.o
 .debug_macro   0x0000000000000eac       0x40 Core/Src/main.o
 .debug_macro   0x0000000000000eec       0x10 Core/Src/main.o
 .debug_macro   0x0000000000000efc       0x40 Core/Src/main.o
 .debug_macro   0x0000000000000f3c       0xd7 Core/Src/main.o
 .debug_macro   0x0000000000001013       0x1c Core/Src/main.o
 .debug_macro   0x000000000000102f       0x3d Core/Src/main.o
 .debug_macro   0x000000000000106c       0x16 Core/Src/main.o
 .debug_macro   0x0000000000001082      0x145 Core/Src/main.o
 .debug_macro   0x00000000000011c7       0x16 Core/Src/main.o
 .debug_macro   0x00000000000011dd       0x16 Core/Src/main.o
 .debug_macro   0x00000000000011f3       0x29 Core/Src/main.o
 .debug_macro   0x000000000000121c       0x16 Core/Src/main.o
 .debug_macro   0x0000000000001232       0x20 Core/Src/main.o
 .debug_macro   0x0000000000001252       0x8d Core/Src/main.o
 .debug_macro   0x00000000000012df       0x9a Core/Src/main.o
 .debug_macro   0x0000000000001379       0x91 Core/Src/main.o
 .debug_macro   0x000000000000140a      0x1c1 Core/Src/stm32f1xx_hal_msp.o
 .debug_macro   0x00000000000015cb      0x1b7 Core/Src/stm32f1xx_hal_timebase_tim.o
 .debug_macro   0x0000000000001782      0x1cb Core/Src/stm32f1xx_it.o
 .debug_macro   0x000000000000194d      0x1b7 Core/Src/system_stm32f1xx.o
 .debug_macro   0x0000000000001b04      0x262 Drivers/STM32F1xx_HAL_Driver/Src/LCD_prog.o
 .debug_macro   0x0000000000001d66       0x1c Drivers/STM32F1xx_HAL_Driver/Src/LCD_prog.o
 .debug_macro   0x0000000000001d82       0x40 Drivers/STM32F1xx_HAL_Driver/Src/LCD_prog.o
 .debug_macro   0x0000000000001dc2       0x22 Drivers/STM32F1xx_HAL_Driver/Src/LCD_prog.o
 .debug_macro   0x0000000000001de4       0x4c Drivers/STM32F1xx_HAL_Driver/Src/LCD_prog.o
 .debug_macro   0x0000000000001e30      0x1db Drivers/STM32F1xx_HAL_Driver/Src/stm32f1xx_hal.o
 .debug_macro   0x000000000000200b      0x1d4 Drivers/STM32F1xx_HAL_Driver/Src/stm32f1xx_hal_adc.o
 .debug_macro   0x00000000000021df      0x1c9 Drivers/STM32F1xx_HAL_Driver/Src/stm32f1xx_hal_adc_ex.o
 .debug_macro   0x00000000000023a8      0x1b7 Drivers/STM32F1xx_HAL_Driver/Src/stm32f1xx_hal_cortex.o
 .debug_macro   0x000000000000255f      0x222 Drivers/STM32F1xx_HAL_Driver/Src/stm32f1xx_hal_gpio.o
 .debug_macro   0x0000000000002781      0x1c9 Drivers/STM32F1xx_HAL_Driver/Src/stm32f1xx_hal_rcc.o
 .debug_macro   0x000000000000294a      0x1b7 Drivers/STM32F1xx_HAL_Driver/Src/stm32f1xx_hal_rcc_ex.o
 .debug_macro   0x0000000000002b01      0x1b8 Drivers/STM32F1xx_HAL_Driver/Src/stm32f1xx_hal_tim.o
 .debug_macro   0x0000000000002cb9      0x1b7 Drivers/STM32F1xx_HAL_Driver/Src/stm32f1xx_hal_tim_ex.o
 .debug_macro   0x0000000000002e70      0x1b8 Drivers/STM32F1xx_HAL_Driver/Src/stm32f1xx_hal_uart.o
 .debug_macro   0x0000000000003028      0x23a Middlewares/Third_Party/FreeRTOS/Source/CMSIS_RTOS_V2/cmsis_os2.o
 .debug_macro   0x0000000000003262       0x10 Middlewares/Third_Party/FreeRTOS/Source/CMSIS_RTOS_V2/cmsis_os2.o
 .debug_macro   0x0000000000003272       0x10 Middlewares/Third_Party/FreeRTOS/Source/CMSIS_RTOS_V2/cmsis_os2.o
 .debug_macro   0x0000000000003282       0xb7 Middlewares/Third_Party/FreeRTOS/Source/CMSIS_RTOS_V2/cmsis_os2.o
 .debug_macro   0x0000000000003339      0x1d5 Middlewares/Third_Party/FreeRTOS/Source/event_groups.o
 .debug_macro   0x000000000000350e      0x10e Middlewares/Third_Party/FreeRTOS/Source/event_groups.o
 .debug_macro   0x000000000000361c       0x8d Middlewares/Third_Party/FreeRTOS/Source/event_groups.o
 .debug_macro   0x00000000000036a9      0x17a Middlewares/Third_Party/FreeRTOS/Source/list.o
 .debug_macro   0x0000000000003823      0x205 Middlewares/Third_Party/FreeRTOS/Source/queue.o
 .debug_macro   0x0000000000003a28      0x27a Middlewares/Third_Party/FreeRTOS/Source/tasks.o
 .debug_macro   0x0000000000003ca2       0x10 Middlewares/Third_Party/FreeRTOS/Source/tasks.o
 .debug_macro   0x0000000000003cb2      0x1bd Middlewares/Third_Party/FreeRTOS/Source/timers.o
 .debug_macro   0x0000000000003e6f      0x172 Middlewares/Third_Party/FreeRTOS/Source/portable/GCC/ARM_CM3/port.o
 .debug_macro   0x0000000000003fe1      0x1a1 Middlewares/Third_Party/FreeRTOS/Source/portable/MemMang/heap_4.o

.debug_line     0x0000000000000000    0x11f22
 .debug_line    0x0000000000000000      0xca4 Core/Src/main.o
 .debug_line    0x0000000000000ca4      0x70e Core/Src/stm32f1xx_hal_msp.o
 .debug_line    0x00000000000013b2      0x6d0 Core/Src/stm32f1xx_hal_timebase_tim.o
 .debug_line    0x0000000000001a82      0x722 Core/Src/stm32f1xx_it.o
 .debug_line    0x00000000000021a4      0x6c4 Core/Src/system_stm32f1xx.o
 .debug_line    0x0000000000002868       0x84 Core/Startup/startup_stm32f103c8tx.o
 .debug_line    0x00000000000028ec      0x8f7 Drivers/STM32F1xx_HAL_Driver/Src/LCD_prog.o
 .debug_line    0x00000000000031e3      0x877 Drivers/STM32F1xx_HAL_Driver/Src/stm32f1xx_hal.o
 .debug_line    0x0000000000003a5a      0xbc8 Drivers/STM32F1xx_HAL_Driver/Src/stm32f1xx_hal_adc.o
 .debug_line    0x0000000000004622      0xa0b Drivers/STM32F1xx_HAL_Driver/Src/stm32f1xx_hal_adc_ex.o
 .debug_line    0x000000000000502d      0x94e Drivers/STM32F1xx_HAL_Driver/Src/stm32f1xx_hal_cortex.o
 .debug_line    0x000000000000597b      0x873 Drivers/STM32F1xx_HAL_Driver/Src/stm32f1xx_hal_gpio.o
 .debug_line    0x00000000000061ee      0x937 Drivers/STM32F1xx_HAL_Driver/Src/stm32f1xx_hal_rcc.o
 .debug_line    0x0000000000006b25      0x755 Drivers/STM32F1xx_HAL_Driver/Src/stm32f1xx_hal_rcc_ex.o
 .debug_line    0x000000000000727a     0x1fd0 Drivers/STM32F1xx_HAL_Driver/Src/stm32f1xx_hal_tim.o
 .debug_line    0x000000000000924a     0x12de Drivers/STM32F1xx_HAL_Driver/Src/stm32f1xx_hal_tim_ex.o
 .debug_line    0x000000000000a528      0xfb5 Drivers/STM32F1xx_HAL_Driver/Src/stm32f1xx_hal_uart.o
 .debug_line    0x000000000000b4dd     0x1e17 Middlewares/Third_Party/FreeRTOS/Source/CMSIS_RTOS_V2/cmsis_os2.o
 .debug_line    0x000000000000d2f4      0x912 Middlewares/Third_Party/FreeRTOS/Source/event_groups.o
 .debug_line    0x000000000000dc06      0x65c Middlewares/Third_Party/FreeRTOS/Source/list.o
 .debug_line    0x000000000000e262     0x10e7 Middlewares/Third_Party/FreeRTOS/Source/queue.o
 .debug_line    0x000000000000f349     0x1433 Middlewares/Third_Party/FreeRTOS/Source/tasks.o
 .debug_line    0x000000000001077c      0xa13 Middlewares/Third_Party/FreeRTOS/Source/timers.o
 .debug_line    0x000000000001118f      0x651 Middlewares/Third_Party/FreeRTOS/Source/portable/GCC/ARM_CM3/port.o
 .debug_line    0x00000000000117e0      0x742 Middlewares/Third_Party/FreeRTOS/Source/portable/MemMang/heap_4.o

.debug_str      0x0000000000000000    0x9966c
 .debug_str     0x0000000000000000    0x91f89 Core/Src/main.o
                                      0x924cb (size before relaxing)
 .debug_str     0x0000000000091f89      0x30f Core/Src/stm32f1xx_hal_msp.o
                                      0x880f4 (size before relaxing)
 .debug_str     0x0000000000092298       0xaa Core/Src/stm32f1xx_hal_timebase_tim.o
                                      0x8810e (size before relaxing)
 .debug_str     0x0000000000092342       0x92 Core/Src/stm32f1xx_it.o
                                      0x87d82 (size before relaxing)
 .debug_str     0x00000000000923d4       0x52 Core/Src/system_stm32f1xx.o
                                      0x878b0 (size before relaxing)
 .debug_str     0x0000000000092426       0x36 Core/Startup/startup_stm32f103c8tx.o
                                         0x66 (size before relaxing)
 .debug_str     0x000000000009245c      0x48b Drivers/STM32F1xx_HAL_Driver/Src/LCD_prog.o
                                      0x8b3e6 (size before relaxing)
 .debug_str     0x00000000000928e7      0x2b9 Drivers/STM32F1xx_HAL_Driver/Src/stm32f1xx_hal.o
                                      0x87f41 (size before relaxing)
 .debug_str     0x0000000000092ba0      0x357 Drivers/STM32F1xx_HAL_Driver/Src/stm32f1xx_hal_adc.o
                                      0x87f40 (size before relaxing)
 .debug_str     0x0000000000092ef7      0x2fb Drivers/STM32F1xx_HAL_Driver/Src/stm32f1xx_hal_adc_ex.o
                                      0x87ef5 (size before relaxing)
 .debug_str     0x00000000000931f2      0x300 Drivers/STM32F1xx_HAL_Driver/Src/stm32f1xx_hal_cortex.o
                                      0x87f49 (size before relaxing)
 .debug_str     0x00000000000934f2      0x324 Drivers/STM32F1xx_HAL_Driver/Src/stm32f1xx_hal_gpio.o
                                      0x87c74 (size before relaxing)
 .debug_str     0x0000000000093816      0x245 Drivers/STM32F1xx_HAL_Driver/Src/stm32f1xx_hal_rcc.o
                                      0x87cad (size before relaxing)
 .debug_str     0x0000000000093a5b       0xb9 Drivers/STM32F1xx_HAL_Driver/Src/stm32f1xx_hal_rcc_ex.o
                                      0x87a3a (size before relaxing)
 .debug_str     0x0000000000093b14      0xe3f Drivers/STM32F1xx_HAL_Driver/Src/stm32f1xx_hal_tim.o
                                      0x88c7f (size before relaxing)
 .debug_str     0x0000000000094953      0x561 Drivers/STM32F1xx_HAL_Driver/Src/stm32f1xx_hal_tim_ex.o
                                      0x88459 (size before relaxing)
 .debug_str     0x0000000000094eb4      0x52d Drivers/STM32F1xx_HAL_Driver/Src/stm32f1xx_hal_uart.o
                                      0x881b3 (size before relaxing)
 .debug_str     0x00000000000953e1     0x12e3 Middlewares/Third_Party/FreeRTOS/Source/CMSIS_RTOS_V2/cmsis_os2.o
                                       0xdd65 (size before relaxing)
 .debug_str     0x00000000000966c4      0x4dd Middlewares/Third_Party/FreeRTOS/Source/event_groups.o
                                       0xb685 (size before relaxing)
 .debug_str     0x0000000000096ba1       0xbf Middlewares/Third_Party/FreeRTOS/Source/list.o
                                       0xa3c2 (size before relaxing)
 .debug_str     0x0000000000096c60      0x864 Middlewares/Third_Party/FreeRTOS/Source/queue.o
                                       0xbbe8 (size before relaxing)
 .debug_str     0x00000000000974c4     0x12e3 Middlewares/Third_Party/FreeRTOS/Source/tasks.o
                                       0xc7fe (size before relaxing)
 .debug_str     0x00000000000987a7      0x586 Middlewares/Third_Party/FreeRTOS/Source/timers.o
                                       0xc10a (size before relaxing)
 .debug_str     0x0000000000098d2d      0x6ee Middlewares/Third_Party/FreeRTOS/Source/portable/GCC/ARM_CM3/port.o
                                       0x7fa6 (size before relaxing)
 .debug_str     0x000000000009941b      0x251 Middlewares/Third_Party/FreeRTOS/Source/portable/MemMang/heap_4.o
                                       0xaae5 (size before relaxing)

.comment        0x0000000000000000       0x7b
 .comment       0x0000000000000000       0x7b Core/Src/main.o
                                         0x7c (size before relaxing)
 .comment       0x000000000000007b       0x7c Core/Src/stm32f1xx_hal_msp.o
 .comment       0x000000000000007b       0x7c Core/Src/stm32f1xx_hal_timebase_tim.o
 .comment       0x000000000000007b       0x7c Core/Src/stm32f1xx_it.o
 .comment       0x000000000000007b       0x7c Core/Src/system_stm32f1xx.o
 .comment       0x000000000000007b       0x7c Drivers/STM32F1xx_HAL_Driver/Src/LCD_prog.o
 .comment       0x000000000000007b       0x7c Drivers/STM32F1xx_HAL_Driver/Src/stm32f1xx_hal.o
 .comment       0x000000000000007b       0x7c Drivers/STM32F1xx_HAL_Driver/Src/stm32f1xx_hal_adc.o
 .comment       0x000000000000007b       0x7c Drivers/STM32F1xx_HAL_Driver/Src/stm32f1xx_hal_adc_ex.o
 .comment       0x000000000000007b       0x7c Drivers/STM32F1xx_HAL_Driver/Src/stm32f1xx_hal_cortex.o
 .comment       0x000000000000007b       0x7c Drivers/STM32F1xx_HAL_Driver/Src/stm32f1xx_hal_gpio.o
 .comment       0x000000000000007b       0x7c Drivers/STM32F1xx_HAL_Driver/Src/stm32f1xx_hal_rcc.o
 .comment       0x000000000000007b       0x7c Drivers/STM32F1xx_HAL_Driver/Src/stm32f1xx_hal_rcc_ex.o
 .comment       0x000000000000007b       0x7c Drivers/STM32F1xx_HAL_Driver/Src/stm32f1xx_hal_tim.o
 .comment       0x000000000000007b       0x7c Drivers/STM32F1xx_HAL_Driver/Src/stm32f1xx_hal_tim_ex.o
 .comment       0x000000000000007b       0x7c Drivers/STM32F1xx_HAL_Driver/Src/stm32f1xx_hal_uart.o
 .comment       0x000000000000007b       0x7c Middlewares/Third_Party/FreeRTOS/Source/CMSIS_RTOS_V2/cmsis_os2.o
 .comment       0x000000000000007b       0x7c Middlewares/Third_Party/FreeRTOS/Source/event_groups.o
 .comment       0x000000000000007b       0x7c Middlewares/Third_Party/FreeRTOS/Source/list.o
 .comment       0x000000000000007b       0x7c Middlewares/Third_Party/FreeRTOS/Source/queue.o
 .comment       0x000000000000007b       0x7c Middlewares/Third_Party/FreeRTOS/Source/tasks.o
 .comment       0x000000000000007b       0x7c Middlewares/Third_Party/FreeRTOS/Source/timers.o
 .comment       0x000000000000007b       0x7c Middlewares/Third_Party/FreeRTOS/Source/portable/GCC/ARM_CM3/port.o
 .comment       0x000000000000007b       0x7c Middlewares/Third_Party/FreeRTOS/Source/portable/MemMang/heap_4.o

.debug_frame    0x0000000000000000     0x5978
 .debug_frame   0x0000000000000000      0x1f4 Core/Src/main.o
 .debug_frame   0x00000000000001f4       0xc4 Core/Src/stm32f1xx_hal_msp.o
 .debug_frame   0x00000000000002b8       0x74 Core/Src/stm32f1xx_hal_timebase_tim.o
 .debug_frame   0x000000000000032c       0xc4 Core/Src/stm32f1xx_it.o
 .debug_frame   0x00000000000003f0       0x58 Core/Src/system_stm32f1xx.o
 .debug_frame   0x0000000000000448      0x124 Drivers/STM32F1xx_HAL_Driver/Src/LCD_prog.o
 .debug_frame   0x000000000000056c      0x334 Drivers/STM32F1xx_HAL_Driver/Src/stm32f1xx_hal.o
 .debug_frame   0x00000000000008a0      0x40c Drivers/STM32F1xx_HAL_Driver/Src/stm32f1xx_hal_adc.o
 .debug_frame   0x0000000000000cac      0x204 Drivers/STM32F1xx_HAL_Driver/Src/stm32f1xx_hal_adc_ex.o
 .debug_frame   0x0000000000000eb0      0x428 Drivers/STM32F1xx_HAL_Driver/Src/stm32f1xx_hal_cortex.o
 .debug_frame   0x00000000000012d8      0x14c Drivers/STM32F1xx_HAL_Driver/Src/stm32f1xx_hal_gpio.o
 .debug_frame   0x0000000000001424      0x21c Drivers/STM32F1xx_HAL_Driver/Src/stm32f1xx_hal_rcc.o
 .debug_frame   0x0000000000001640       0x84 Drivers/STM32F1xx_HAL_Driver/Src/stm32f1xx_hal_rcc_ex.o
 .debug_frame   0x00000000000016c4     0x11b8 Drivers/STM32F1xx_HAL_Driver/Src/stm32f1xx_hal_tim.o
 .debug_frame   0x000000000000287c      0x638 Drivers/STM32F1xx_HAL_Driver/Src/stm32f1xx_hal_tim_ex.o
 .debug_frame   0x0000000000002eb4      0x834 Drivers/STM32F1xx_HAL_Driver/Src/stm32f1xx_hal_uart.o
 .debug_frame   0x00000000000036e8      0x980 Middlewares/Third_Party/FreeRTOS/Source/CMSIS_RTOS_V2/cmsis_os2.o
 .debug_frame   0x0000000000004068      0x23c Middlewares/Third_Party/FreeRTOS/Source/event_groups.o
 .debug_frame   0x00000000000042a4       0xd8 Middlewares/Third_Party/FreeRTOS/Source/list.o
 .debug_frame   0x000000000000437c      0x5ec Middlewares/Third_Party/FreeRTOS/Source/queue.o
 .debug_frame   0x0000000000004968      0x8a8 Middlewares/Third_Party/FreeRTOS/Source/tasks.o
 .debug_frame   0x0000000000005210      0x3b4 Middlewares/Third_Party/FreeRTOS/Source/timers.o
 .debug_frame   0x00000000000055c4      0x198 Middlewares/Third_Party/FreeRTOS/Source/portable/GCC/ARM_CM3/port.o
 .debug_frame   0x000000000000575c      0x108 Middlewares/Third_Party/FreeRTOS/Source/portable/MemMang/heap_4.o
 .debug_frame   0x0000000000005864       0x2c c:/stm32cubeide_1.4.0/stm32cubeide/plugins/com.st.stm32cube.ide.mcu.externaltools.gnu-tools-for-stm32.7-2018-q2-update.win32_1.5.0.202011040924/tools/bin/../lib/gcc/arm-none-eabi/7.3.1/../../../../arm-none-eabi/lib/thumb/v7-m\libc_nano.a(lib_a-init.o)
 .debug_frame   0x0000000000005890       0x38 c:/stm32cubeide_1.4.0/stm32cubeide/plugins/com.st.stm32cube.ide.mcu.externaltools.gnu-tools-for-stm32.7-2018-q2-update.win32_1.5.0.202011040924/tools/bin/../lib/gcc/arm-none-eabi/7.3.1/../../../../arm-none-eabi/lib/thumb/v7-m\libc_nano.a(lib_a-itoa.o)
 .debug_frame   0x00000000000058c8       0x28 c:/stm32cubeide_1.4.0/stm32cubeide/plugins/com.st.stm32cube.ide.mcu.externaltools.gnu-tools-for-stm32.7-2018-q2-update.win32_1.5.0.202011040924/tools/bin/../lib/gcc/arm-none-eabi/7.3.1/../../../../arm-none-eabi/lib/thumb/v7-m\libc_nano.a(lib_a-memcpy-stub.o)
 .debug_frame   0x00000000000058f0       0x20 c:/stm32cubeide_1.4.0/stm32cubeide/plugins/com.st.stm32cube.ide.mcu.externaltools.gnu-tools-for-stm32.7-2018-q2-update.win32_1.5.0.202011040924/tools/bin/../lib/gcc/arm-none-eabi/7.3.1/../../../../arm-none-eabi/lib/thumb/v7-m\libc_nano.a(lib_a-memset.o)
 .debug_frame   0x0000000000005910       0x20 c:/stm32cubeide_1.4.0/stm32cubeide/plugins/com.st.stm32cube.ide.mcu.externaltools.gnu-tools-for-stm32.7-2018-q2-update.win32_1.5.0.202011040924/tools/bin/../lib/gcc/arm-none-eabi/7.3.1/../../../../arm-none-eabi/lib/thumb/v7-m\libc_nano.a(lib_a-strcmp.o)
 .debug_frame   0x0000000000005930       0x48 c:/stm32cubeide_1.4.0/stm32cubeide/plugins/com.st.stm32cube.ide.mcu.externaltools.gnu-tools-for-stm32.7-2018-q2-update.win32_1.5.0.202011040924/tools/bin/../lib/gcc/arm-none-eabi/7.3.1/../../../../arm-none-eabi/lib/thumb/v7-m\libc_nano.a(lib_a-utoa.o)
